<?xml version="1.0"?>
<link_info>
   <banner>MSP430 Linker PC v17.3.0.STS</banner>
   <copyright>Copyright (c) 2003-2017 Texas Instruments Incorporated</copyright>
   <link_time>0x594ee0dc</link_time>
   <link_errors>0x0</link_errors>
   <output_file>sendstr.out</output_file>
   <entry_point>
      <name>_c_int00_noargs_noexit_mpu</name>
      <address>0x443a</address>
   </entry_point>
   <input_file_list>
      <input_file id="fl-2">
         <path>.\</path>
         <kind>object</kind>
         <file>board.obj</file>
         <name>board.obj</name>
      </input_file>
      <input_file id="fl-3">
         <path>.\</path>
         <kind>object</kind>
         <file>cli_uart.obj</file>
         <name>cli_uart.obj</name>
      </input_file>
      <input_file id="fl-4">
         <path>.\</path>
         <kind>object</kind>
         <file>leds.obj</file>
         <name>leds.obj</name>
      </input_file>
      <input_file id="fl-5">
         <path>.\</path>
         <kind>object</kind>
         <file>main.obj</file>
         <name>main.obj</name>
      </input_file>
      <input_file id="fl-6">
         <path>.\</path>
         <kind>object</kind>
         <file>simple_link_func.obj</file>
         <name>simple_link_func.obj</name>
      </input_file>
      <input_file id="fl-7">
         <path>.\</path>
         <kind>object</kind>
         <file>spi.obj</file>
         <name>spi.obj</name>
      </input_file>
      <input_file id="fl-8">
         <path>.\</path>
         <kind>object</kind>
         <file>uart.obj</file>
         <name>uart.obj</name>
      </input_file>
      <input_file id="fl-9">
         <path>.\</path>
         <kind>object</kind>
         <file>uartstdio.obj</file>
         <name>uartstdio.obj</name>
      </input_file>
      <input_file id="fl-a">
         <path>.\common\</path>
         <kind>object</kind>
         <file>jsmn.obj</file>
         <name>jsmn.obj</name>
      </input_file>
      <input_file id="fl-b">
         <path>.\simplelink\source\</path>
         <kind>object</kind>
         <file>device.obj</file>
         <name>device.obj</name>
      </input_file>
      <input_file id="fl-c">
         <path>.\simplelink\source\</path>
         <kind>object</kind>
         <file>driver.obj</file>
         <name>driver.obj</name>
      </input_file>
      <input_file id="fl-d">
         <path>.\simplelink\source\</path>
         <kind>object</kind>
         <file>flowcont.obj</file>
         <name>flowcont.obj</name>
      </input_file>
      <input_file id="fl-e">
         <path>.\simplelink\source\</path>
         <kind>object</kind>
         <file>fs.obj</file>
         <name>fs.obj</name>
      </input_file>
      <input_file id="fl-f">
         <path>.\simplelink\source\</path>
         <kind>object</kind>
         <file>netapp.obj</file>
         <name>netapp.obj</name>
      </input_file>
      <input_file id="fl-10">
         <path>.\simplelink\source\</path>
         <kind>object</kind>
         <file>netcfg.obj</file>
         <name>netcfg.obj</name>
      </input_file>
      <input_file id="fl-11">
         <path>.\simplelink\source\</path>
         <kind>object</kind>
         <file>nonos.obj</file>
         <name>nonos.obj</name>
      </input_file>
      <input_file id="fl-12">
         <path>.\simplelink\source\</path>
         <kind>object</kind>
         <file>socket.obj</file>
         <name>socket.obj</name>
      </input_file>
      <input_file id="fl-13">
         <path>.\simplelink\source\</path>
         <kind>object</kind>
         <file>spawn.obj</file>
         <name>spawn.obj</name>
      </input_file>
      <input_file id="fl-14">
         <path>.\simplelink\source\</path>
         <kind>object</kind>
         <file>wlan.obj</file>
         <name>wlan.obj</name>
      </input_file>
      <input_file id="fl-1b">
         <kind>object</kind>
         <file>&lt;internal&gt;</file>
         <name>&lt;internal&gt;</name>
      </input_file>
      <input_file id="fl-3b">
         <path>C:\ti\ccsv7\tools\compiler\ti-cgt-msp430_17.3.0.STS\lib\</path>
         <kind>archive</kind>
         <file>rts430x_lc_rd_eabi.lib</file>
         <name>copy_decompress_lzss.obj</name>
      </input_file>
      <input_file id="fl-3c">
         <path>C:\ti\ccsv7\tools\compiler\ti-cgt-msp430_17.3.0.STS\lib\</path>
         <kind>archive</kind>
         <file>rts430x_lc_rd_eabi.lib</file>
         <name>copy_decompress_none.obj</name>
      </input_file>
      <input_file id="fl-3d">
         <path>C:\ti\ccsv7\tools\compiler\ti-cgt-msp430_17.3.0.STS\lib\</path>
         <kind>archive</kind>
         <file>rts430x_lc_rd_eabi.lib</file>
         <name>int27.obj</name>
      </input_file>
      <input_file id="fl-3e">
         <path>C:\ti\ccsv7\tools\compiler\ti-cgt-msp430_17.3.0.STS\lib\</path>
         <kind>archive</kind>
         <file>rts430x_lc_rd_eabi.lib</file>
         <name>isr_trap.obj</name>
      </input_file>
      <input_file id="fl-3f">
         <path>C:\ti\ccsv7\tools\compiler\ti-cgt-msp430_17.3.0.STS\lib\</path>
         <kind>archive</kind>
         <file>rts430x_lc_rd_eabi.lib</file>
         <name>int29.obj</name>
      </input_file>
      <input_file id="fl-40">
         <path>C:\ti\ccsv7\tools\compiler\ti-cgt-msp430_17.3.0.STS\lib\</path>
         <kind>archive</kind>
         <file>rts430x_lc_rd_eabi.lib</file>
         <name>int30.obj</name>
      </input_file>
      <input_file id="fl-41">
         <path>C:\ti\ccsv7\tools\compiler\ti-cgt-msp430_17.3.0.STS\lib\</path>
         <kind>archive</kind>
         <file>rts430x_lc_rd_eabi.lib</file>
         <name>int31.obj</name>
      </input_file>
      <input_file id="fl-42">
         <path>C:\ti\ccsv7\tools\compiler\ti-cgt-msp430_17.3.0.STS\lib\</path>
         <kind>archive</kind>
         <file>rts430x_lc_rd_eabi.lib</file>
         <name>int32.obj</name>
      </input_file>
      <input_file id="fl-43">
         <path>C:\ti\ccsv7\tools\compiler\ti-cgt-msp430_17.3.0.STS\lib\</path>
         <kind>archive</kind>
         <file>rts430x_lc_rd_eabi.lib</file>
         <name>int33.obj</name>
      </input_file>
      <input_file id="fl-44">
         <path>C:\ti\ccsv7\tools\compiler\ti-cgt-msp430_17.3.0.STS\lib\</path>
         <kind>archive</kind>
         <file>rts430x_lc_rd_eabi.lib</file>
         <name>int37.obj</name>
      </input_file>
      <input_file id="fl-45">
         <path>C:\ti\ccsv7\tools\compiler\ti-cgt-msp430_17.3.0.STS\lib\</path>
         <kind>archive</kind>
         <file>rts430x_lc_rd_eabi.lib</file>
         <name>int41.obj</name>
      </input_file>
      <input_file id="fl-46">
         <path>C:\ti\ccsv7\tools\compiler\ti-cgt-msp430_17.3.0.STS\lib\</path>
         <kind>archive</kind>
         <file>rts430x_lc_rd_eabi.lib</file>
         <name>int48.obj</name>
      </input_file>
      <input_file id="fl-47">
         <path>C:\ti\ccsv7\tools\compiler\ti-cgt-msp430_17.3.0.STS\lib\</path>
         <kind>archive</kind>
         <file>rts430x_lc_rd_eabi.lib</file>
         <name>int52.obj</name>
      </input_file>
      <input_file id="fl-48">
         <path>C:\ti\ccsv7\tools\compiler\ti-cgt-msp430_17.3.0.STS\lib\</path>
         <kind>archive</kind>
         <file>rts430x_lc_rd_eabi.lib</file>
         <name>copy_zero_init.obj</name>
      </input_file>
      <input_file id="fl-49">
         <path>C:\ti\ccsv7\tools\compiler\ti-cgt-msp430_17.3.0.STS\lib\</path>
         <kind>archive</kind>
         <file>rts430x_lc_rd_eabi.lib</file>
         <name>div32u.obj</name>
      </input_file>
      <input_file id="fl-4a">
         <path>C:\ti\ccsv7\tools\compiler\ti-cgt-msp430_17.3.0.STS\lib\</path>
         <kind>archive</kind>
         <file>rts430x_lc_rd_eabi.lib</file>
         <name>mult16.obj</name>
      </input_file>
      <input_file id="fl-4b">
         <path>C:\ti\ccsv7\tools\compiler\ti-cgt-msp430_17.3.0.STS\lib\</path>
         <kind>archive</kind>
         <file>rts430x_lc_rd_eabi.lib</file>
         <name>mult16_f5hw.obj</name>
      </input_file>
      <input_file id="fl-4c">
         <path>C:\ti\ccsv7\tools\compiler\ti-cgt-msp430_17.3.0.STS\lib\</path>
         <kind>archive</kind>
         <file>rts430x_lc_rd_eabi.lib</file>
         <name>mult32.obj</name>
      </input_file>
      <input_file id="fl-4d">
         <path>C:\ti\ccsv7\tools\compiler\ti-cgt-msp430_17.3.0.STS\lib\</path>
         <kind>archive</kind>
         <file>rts430x_lc_rd_eabi.lib</file>
         <name>mult32_f5hw.obj</name>
      </input_file>
      <input_file id="fl-4e">
         <path>C:\ti\ccsv7\tools\compiler\ti-cgt-msp430_17.3.0.STS\lib\</path>
         <kind>archive</kind>
         <file>rts430x_lc_rd_eabi.lib</file>
         <name>mult64_f5hw.obj</name>
      </input_file>
      <input_file id="fl-4f">
         <path>C:\ti\ccsv7\tools\compiler\ti-cgt-msp430_17.3.0.STS\lib\</path>
         <kind>archive</kind>
         <file>rts430x_lc_rd_eabi.lib</file>
         <name>mult1632_f5hw.obj</name>
      </input_file>
      <input_file id="fl-50">
         <path>C:\ti\ccsv7\tools\compiler\ti-cgt-msp430_17.3.0.STS\lib\</path>
         <kind>archive</kind>
         <file>rts430x_lc_rd_eabi.lib</file>
         <name>mult3264_f5hw.obj</name>
      </input_file>
      <input_file id="fl-51">
         <path>C:\ti\ccsv7\tools\compiler\ti-cgt-msp430_17.3.0.STS\lib\</path>
         <kind>archive</kind>
         <file>rts430x_lc_rd_eabi.lib</file>
         <name>lsl16.obj</name>
      </input_file>
      <input_file id="fl-52">
         <path>C:\ti\ccsv7\tools\compiler\ti-cgt-msp430_17.3.0.STS\lib\</path>
         <kind>archive</kind>
         <file>rts430x_lc_rd_eabi.lib</file>
         <name>lsl32.obj</name>
      </input_file>
      <input_file id="fl-53">
         <path>C:\ti\ccsv7\tools\compiler\ti-cgt-msp430_17.3.0.STS\lib\</path>
         <kind>archive</kind>
         <file>rts430x_lc_rd_eabi.lib</file>
         <name>lsr16.obj</name>
      </input_file>
      <input_file id="fl-54">
         <path>C:\ti\ccsv7\tools\compiler\ti-cgt-msp430_17.3.0.STS\lib\</path>
         <kind>archive</kind>
         <file>rts430x_lc_rd_eabi.lib</file>
         <name>lsr32.obj</name>
      </input_file>
      <input_file id="fl-55">
         <path>C:\ti\ccsv7\tools\compiler\ti-cgt-msp430_17.3.0.STS\lib\</path>
         <kind>archive</kind>
         <file>rts430x_lc_rd_eabi.lib</file>
         <name>boot.obj</name>
      </input_file>
      <input_file id="fl-56">
         <path>C:\ti\ccsv7\tools\compiler\ti-cgt-msp430_17.3.0.STS\lib\</path>
         <kind>archive</kind>
         <file>rts430x_lc_rd_eabi.lib</file>
         <name>args_main.obj</name>
      </input_file>
      <input_file id="fl-57">
         <path>C:\ti\ccsv7\tools\compiler\ti-cgt-msp430_17.3.0.STS\lib\</path>
         <kind>archive</kind>
         <file>rts430x_lc_rd_eabi.lib</file>
         <name>autoinit_wdt.obj</name>
      </input_file>
      <input_file id="fl-58">
         <path>C:\ti\ccsv7\tools\compiler\ti-cgt-msp430_17.3.0.STS\lib\</path>
         <kind>archive</kind>
         <file>rts430x_lc_rd_eabi.lib</file>
         <name>boot_special.obj</name>
      </input_file>
      <input_file id="fl-59">
         <path>C:\ti\ccsv7\ccs_base\msp430\lib\FR59xx\</path>
         <kind>archive</kind>
         <file>MSPMPU_INIT_LIB_CCS_msp430_large_code_restricted_data.lib</file>
         <name>mpu_init.o</name>
      </input_file>
      <input_file id="fl-5a">
         <path>C:\ti\ccsv7\tools\compiler\ti-cgt-msp430_17.3.0.STS\lib\</path>
         <kind>archive</kind>
         <file>rts430x_lc_rd_eabi.lib</file>
         <name>startup.obj</name>
      </input_file>
      <input_file id="fl-5b">
         <path>C:\ti\ccsv7\tools\compiler\ti-cgt-msp430_17.3.0.STS\lib\</path>
         <kind>archive</kind>
         <file>rts430x_lc_rd_eabi.lib</file>
         <name>pre_init.obj</name>
      </input_file>
      <input_file id="fl-5c">
         <path>C:\ti\ccsv7\tools\compiler\ti-cgt-msp430_17.3.0.STS\lib\</path>
         <kind>archive</kind>
         <file>rts430x_lc_rd_eabi.lib</file>
         <name>exit.obj</name>
      </input_file>
      <input_file id="fl-5d">
         <path>C:\ti\ccsv7\tools\compiler\ti-cgt-msp430_17.3.0.STS\lib\</path>
         <kind>archive</kind>
         <file>rts430x_lc_rd_eabi.lib</file>
         <name>exit_gvars.obj</name>
      </input_file>
      <input_file id="fl-5e">
         <path>C:\ti\ccsv7\tools\compiler\ti-cgt-msp430_17.3.0.STS\lib\</path>
         <kind>archive</kind>
         <file>rts430x_lc_rd_eabi.lib</file>
         <name>_lock.obj</name>
      </input_file>
      <input_file id="fl-5f">
         <path>C:\ti\ccsv7\tools\compiler\ti-cgt-msp430_17.3.0.STS\lib\</path>
         <kind>archive</kind>
         <file>rts430x_lc_rd_eabi.lib</file>
         <name>cpy_tbl.obj</name>
      </input_file>
      <input_file id="fl-60">
         <path>C:\ti\ccsv7\tools\compiler\ti-cgt-msp430_17.3.0.STS\lib\</path>
         <kind>archive</kind>
         <file>rts430x_lc_rd_eabi.lib</file>
         <name>memcpy.obj</name>
      </input_file>
      <input_file id="fl-61">
         <path>C:\ti\ccsv7\tools\compiler\ti-cgt-msp430_17.3.0.STS\lib\</path>
         <kind>archive</kind>
         <file>rts430x_lc_rd_eabi.lib</file>
         <name>memset.obj</name>
      </input_file>
      <input_file id="fl-62">
         <path>C:\ti\ccsv7\tools\compiler\ti-cgt-msp430_17.3.0.STS\lib\</path>
         <kind>archive</kind>
         <file>rts430x_lc_rd_eabi.lib</file>
         <name>strcpy.obj</name>
      </input_file>
      <input_file id="fl-63">
         <path>C:\ti\ccsv7\tools\compiler\ti-cgt-msp430_17.3.0.STS\lib\</path>
         <kind>archive</kind>
         <file>rts430x_lc_rd_eabi.lib</file>
         <name>strlen.obj</name>
      </input_file>
   </input_file_list>
   <object_component_list>
      <object_component id="oc-be8">
         <name>__TI_handler_table</name>
         <load_address>0x496c</load_address>
         <run_address>0x496c</run_address>
         <size>0xc</size>
      </object_component>
      <object_component id="oc-beb">
         <name>.cinit..data.load</name>
         <load_address>0x4978</load_address>
         <run_address>0x4978</run_address>
         <size>0x8</size>
      </object_component>
      <object_component id="oc-bea">
         <name>.cinit..bss.load</name>
         <load_address>0x4980</load_address>
         <run_address>0x4980</run_address>
         <size>0x6</size>
      </object_component>
      <object_component id="oc-be9">
         <name>__TI_cinit_table</name>
         <load_address>0x4986</load_address>
         <run_address>0x4986</run_address>
         <size>0x10</size>
      </object_component>
      <object_component id="oc-b80">
         <name>.binit</name>
         <load_address>0x4400</load_address>
         <run_address>0x4400</run_address>
         <size>0x0</size>
      </object_component>
      <object_component id="oc-acd">
         <name>.const:.string</name>
         <load_address>0x447e</load_address>
         <run_address>0x447e</run_address>
         <size>0x2ac</size>
         <input_file_ref idref="fl-6"/>
      </object_component>
      <object_component id="oc-720">
         <name>.const:.string</name>
         <load_address>0x472a</load_address>
         <run_address>0x472a</run_address>
         <size>0xb2</size>
         <input_file_ref idref="fl-5"/>
      </object_component>
      <object_component id="oc-ac9">
         <name>.const:OpcodeTranslateTable</name>
         <load_address>0x47dc</load_address>
         <run_address>0x47dc</run_address>
         <size>0x3c</size>
         <input_file_ref idref="fl-c"/>
      </object_component>
      <object_component id="oc-aed">
         <name>.const:_SlActionLookupTable</name>
         <load_address>0x4818</load_address>
         <run_address>0x4818</run_address>
         <size>0x38</size>
         <input_file_ref idref="fl-c"/>
      </object_component>
      <object_component id="oc-7ff">
         <name>.const:.string</name>
         <load_address>0x4850</load_address>
         <run_address>0x4850</run_address>
         <size>0x34</size>
         <input_file_ref idref="fl-9"/>
      </object_component>
      <object_component id="oc-80f">
         <name>.const:$P$T0$1</name>
         <load_address>0x4884</load_address>
         <run_address>0x4884</run_address>
         <size>0x2c</size>
         <input_file_ref idref="fl-6"/>
      </object_component>
      <object_component id="oc-adc">
         <name>.const:RxMsgClassLUT</name>
         <load_address>0x48b0</load_address>
         <run_address>0x48b0</run_address>
         <size>0x20</size>
         <input_file_ref idref="fl-c"/>
      </object_component>
      <object_component id="oc-812">
         <name>.const:$P$T1$2</name>
         <load_address>0x48d0</load_address>
         <run_address>0x48d0</run_address>
         <size>0x14</size>
         <input_file_ref idref="fl-6"/>
      </object_component>
      <object_component id="oc-71d">
         <name>.const:$P$T1$2</name>
         <load_address>0x48e4</load_address>
         <run_address>0x48e4</run_address>
         <size>0x10</size>
         <input_file_ref idref="fl-5"/>
      </object_component>
      <object_component id="oc-a26">
         <name>.const:.string:_SlPayloadByProtocolLUT</name>
         <load_address>0x48f4</load_address>
         <run_address>0x48f4</run_address>
         <size>0x10</size>
         <input_file_ref idref="fl-12"/>
      </object_component>
      <object_component id="oc-9f8">
         <name>.const:StartResponseLUT</name>
         <load_address>0x4904</load_address>
         <run_address>0x4904</run_address>
         <size>0x10</size>
         <input_file_ref idref="fl-b"/>
      </object_component>
      <object_component id="oc-71a">
         <name>.const:$P$T0$1</name>
         <load_address>0x4914</load_address>
         <run_address>0x4914</run_address>
         <size>0x8</size>
         <input_file_ref idref="fl-5"/>
      </object_component>
      <object_component id="oc-ad8">
         <name>.const:g_H2NCnysPattern</name>
         <load_address>0x491c</load_address>
         <run_address>0x491c</run_address>
         <size>0x8</size>
         <input_file_ref idref="fl-c"/>
      </object_component>
      <object_component id="oc-a96">
         <name>.const:g_H2NSyncPattern</name>
         <load_address>0x4924</load_address>
         <run_address>0x4924</run_address>
         <size>0x8</size>
         <input_file_ref idref="fl-c"/>
      </object_component>
      <object_component id="oc-805">
         <name>.const</name>
         <load_address>0x492c</load_address>
         <run_address>0x492c</run_address>
         <size>0x8</size>
         <input_file_ref idref="fl-9"/>
      </object_component>
      <object_component id="oc-961">
         <name>.const:_SlDeviceGetCmdCtrl</name>
         <load_address>0x4934</load_address>
         <run_address>0x4934</run_address>
         <size>0x4</size>
         <input_file_ref idref="fl-b"/>
      </object_component>
      <object_component id="oc-b68">
         <name>.const:_SlNetAppSendTokenValueCmdCtrl</name>
         <load_address>0x4938</load_address>
         <run_address>0x4938</run_address>
         <size>0x4</size>
         <input_file_ref idref="fl-f"/>
      </object_component>
      <object_component id="oc-96d">
         <name>.const:_SlNetCfgSetCmdCtrl</name>
         <load_address>0x493c</load_address>
         <run_address>0x493c</run_address>
         <size>0x4</size>
         <input_file_ref idref="fl-10"/>
      </object_component>
      <object_component id="oc-965">
         <name>.const:_SlPolicySetCmdCtrl</name>
         <load_address>0x4940</load_address>
         <run_address>0x4940</run_address>
         <size>0x4</size>
         <input_file_ref idref="fl-14"/>
      </object_component>
      <object_component id="oc-969">
         <name>.const:_SlProfileDelCmdCtrl</name>
         <load_address>0x4944</load_address>
         <run_address>0x4944</run_address>
         <size>0x4</size>
         <input_file_ref idref="fl-14"/>
      </object_component>
      <object_component id="oc-90a">
         <name>.const:_SlRecvCmdCtrl</name>
         <load_address>0x4948</load_address>
         <run_address>0x4948</run_address>
         <size>0x4</size>
         <input_file_ref idref="fl-12"/>
      </object_component>
      <object_component id="oc-a5e">
         <name>.const:_SlRegisterServiceCtrl</name>
         <load_address>0x494c</load_address>
         <run_address>0x494c</run_address>
         <size>0x4</size>
         <input_file_ref idref="fl-f"/>
      </object_component>
      <object_component id="oc-985">
         <name>.const:_SlRxFilterSetCmdCtrl</name>
         <load_address>0x4950</load_address>
         <run_address>0x4950</run_address>
         <size>0x4</size>
         <input_file_ref idref="fl-14"/>
      </object_component>
      <object_component id="oc-8f9">
         <name>.const:_SlSendCmdCtrl</name>
         <load_address>0x4954</load_address>
         <run_address>0x4954</run_address>
         <size>0x4</size>
         <input_file_ref idref="fl-12"/>
      </object_component>
      <object_component id="oc-914">
         <name>.const:_SlSockCloseCmdCtrl</name>
         <load_address>0x4958</load_address>
         <run_address>0x4958</run_address>
         <size>0x4</size>
         <input_file_ref idref="fl-12"/>
      </object_component>
      <object_component id="oc-8d2">
         <name>.const:_SlSockSocketCmdCtrl</name>
         <load_address>0x495c</load_address>
         <run_address>0x495c</run_address>
         <size>0x4</size>
         <input_file_ref idref="fl-12"/>
      </object_component>
      <object_component id="oc-91f">
         <name>.const:_SlStopCmdCtrl</name>
         <load_address>0x4960</load_address>
         <run_address>0x4960</run_address>
         <size>0x4</size>
         <input_file_ref idref="fl-b"/>
      </object_component>
      <object_component id="oc-977">
         <name>.const:_SlWlanCfgSetCmdCtrl</name>
         <load_address>0x4964</load_address>
         <run_address>0x4964</run_address>
         <size>0x4</size>
         <input_file_ref idref="fl-14"/>
      </object_component>
      <object_component id="oc-95d">
         <name>.const:_SlWlanSetModeCmdCtrl</name>
         <load_address>0x4968</load_address>
         <run_address>0x4968</run_address>
         <size>0x4</size>
         <input_file_ref idref="fl-14"/>
      </object_component>
      <object_component id="oc-68c">
         <name>.text:_isr:UART_ISR</name>
         <load_address>0x4400</load_address>
         <run_address>0x4400</run_address>
         <size>0x3a</size>
         <input_file_ref idref="fl-3"/>
      </object_component>
      <object_component id="oc-c6">
         <name>.text:_isr:_c_int00_noargs_noexit_mpu</name>
         <load_address>0x443a</load_address>
         <run_address>0x443a</run_address>
         <size>0x1e</size>
         <input_file_ref idref="fl-58"/>
      </object_component>
      <object_component id="oc-686">
         <name>.text:_isr:Port2_ISR</name>
         <load_address>0x4458</load_address>
         <run_address>0x4458</run_address>
         <size>0x1a</size>
         <input_file_ref idref="fl-2"/>
      </object_component>
      <object_component id="oc-67b">
         <name>.text:_isr:__TI_ISR_TRAP</name>
         <load_address>0x4472</load_address>
         <run_address>0x4472</run_address>
         <size>0x8</size>
         <input_file_ref idref="fl-3e"/>
      </object_component>
      <object_component id="oc-680">
         <name>.text:_isr:Trap_ISR</name>
         <load_address>0x447a</load_address>
         <run_address>0x447a</run_address>
         <size>0x4</size>
         <input_file_ref idref="fl-2"/>
      </object_component>
      <object_component id="oc-a7a">
         <name>.text:_SlDrvMsgRead</name>
         <load_address>0x10000</load_address>
         <run_address>0x10000</run_address>
         <size>0x4bc</size>
         <input_file_ref idref="fl-c"/>
      </object_component>
      <object_component id="oc-739">
         <name>.text:UARTprintf</name>
         <load_address>0x104bc</load_address>
         <run_address>0x104bc</run_address>
         <size>0x3ae</size>
         <input_file_ref idref="fl-9"/>
      </object_component>
      <object_component id="oc-74b">
         <name>.text:sl_WlanConnect</name>
         <load_address>0x1086a</load_address>
         <run_address>0x1086a</run_address>
         <size>0x216</size>
         <input_file_ref idref="fl-14"/>
      </object_component>
      <object_component id="oc-88c">
         <name>.text:_SlDrvReleasePoolObj</name>
         <load_address>0x10a80</load_address>
         <run_address>0x10a80</run_address>
         <size>0x20e</size>
         <input_file_ref idref="fl-c"/>
      </object_component>
      <object_component id="oc-aaa">
         <name>.text:_SlDrvRxHdrRead</name>
         <load_address>0x10c8e</load_address>
         <run_address>0x10c8e</run_address>
         <size>0x1f6</size>
         <input_file_ref idref="fl-c"/>
      </object_component>
      <object_component id="oc-73f">
         <name>.text:configureSimpleLinkToDefaultState</name>
         <load_address>0x10e84</load_address>
         <run_address>0x10e84</run_address>
         <size>0x1ea</size>
         <input_file_ref idref="fl-6"/>
      </object_component>
      <object_component id="oc-6b9">
         <name>.text:main</name>
         <load_address>0x1106e</load_address>
         <run_address>0x1106e</run_address>
         <size>0x1c2</size>
         <input_file_ref idref="fl-5"/>
      </object_component>
      <object_component id="oc-90d">
         <name>.text:_SlDrvDataReadOp</name>
         <load_address>0x11230</load_address>
         <run_address>0x11230</run_address>
         <size>0x1b6</size>
         <input_file_ref idref="fl-c"/>
      </object_component>
      <object_component id="oc-859">
         <name>.text:_SlDrvDriverCBInit</name>
         <load_address>0x113e6</load_address>
         <run_address>0x113e6</run_address>
         <size>0x194</size>
         <input_file_ref idref="fl-c"/>
      </object_component>
      <object_component id="oc-9b6">
         <name>.text:_SlDrvWaitForPoolObj</name>
         <load_address>0x1157a</load_address>
         <run_address>0x1157a</run_address>
         <size>0x18e</size>
         <input_file_ref idref="fl-c"/>
      </object_component>
      <object_component id="oc-a0b">
         <name>.text:_SlDrvMsgWrite</name>
         <load_address>0x11708</load_address>
         <run_address>0x11708</run_address>
         <size>0x174</size>
         <input_file_ref idref="fl-c"/>
      </object_component>
      <object_component id="oc-abc">
         <name>.text:_SlFindAndSetActiveObj</name>
         <load_address>0x1187c</load_address>
         <run_address>0x1187c</run_address>
         <size>0x150</size>
         <input_file_ref idref="fl-c"/>
      </object_component>
      <object_component id="oc-777">
         <name>.text:sl_Connect</name>
         <load_address>0x119cc</load_address>
         <run_address>0x119cc</run_address>
         <size>0x134</size>
         <input_file_ref idref="fl-12"/>
      </object_component>
      <object_component id="oc-8fc">
         <name>.text:_SlDrvDataWriteOp</name>
         <load_address>0x11b00</load_address>
         <run_address>0x11b00</run_address>
         <size>0x124</size>
         <input_file_ref idref="fl-c"/>
      </object_component>
      <object_component id="oc-b0f">
         <name>.text:SimpleLinkNetAppEventHandler</name>
         <load_address>0x11c24</load_address>
         <run_address>0x11c24</run_address>
         <size>0x108</size>
         <input_file_ref idref="fl-6"/>
      </object_component>
      <object_component id="oc-ae5">
         <name>.text:_SlDrvNetAppEventHandler</name>
         <load_address>0x11d2c</load_address>
         <run_address>0x11d2c</run_address>
         <size>0xf2</size>
         <input_file_ref idref="fl-f"/>
      </object_component>
      <object_component id="oc-a11">
         <name>.text:_SlDrvMsgReadCmdCtx</name>
         <load_address>0x11e1e</load_address>
         <run_address>0x11e1e</run_address>
         <size>0xf0</size>
         <input_file_ref idref="fl-c"/>
      </object_component>
      <object_component id="oc-b03">
         <name>.text:SimpleLinkWlanEventHandler</name>
         <load_address>0x11f0e</load_address>
         <run_address>0x11f0e</run_address>
         <size>0xdc</size>
         <input_file_ref idref="fl-6"/>
      </object_component>
      <object_component id="oc-928">
         <name>.text:_SlDrvDriverCBDeinit</name>
         <load_address>0x11fea</load_address>
         <run_address>0x11fea</run_address>
         <size>0xcc</size>
         <input_file_ref idref="fl-c"/>
      </object_component>
      <object_component id="oc-77d">
         <name>.text:sl_Send</name>
         <load_address>0x120b6</load_address>
         <run_address>0x120b6</run_address>
         <size>0xca</size>
         <input_file_ref idref="fl-12"/>
      </object_component>
      <object_component id="oc-745">
         <name>.text:sl_Start</name>
         <load_address>0x12180</load_address>
         <run_address>0x12180</run_address>
         <size>0xca</size>
         <input_file_ref idref="fl-b"/>
      </object_component>
      <object_component id="oc-97b">
         <name>.text:sl_NetAppMDNSRegisterUnregisterService</name>
         <load_address>0x1224a</load_address>
         <run_address>0x1224a</run_address>
         <size>0xbe</size>
         <input_file_ref idref="fl-f"/>
      </object_component>
      <object_component id="oc-9e6">
         <name>.text:_SlRemoveFromList</name>
         <load_address>0x12308</load_address>
         <run_address>0x12308</run_address>
         <size>0xbc</size>
         <input_file_ref idref="fl-c"/>
      </object_component>
      <object_component id="oc-b1e">
         <name>.text:_sl_HandleAsync_DnsGetHostByService</name>
         <load_address>0x123c4</load_address>
         <run_address>0x123c4</run_address>
         <size>0xba</size>
         <input_file_ref idref="fl-f"/>
      </object_component>
      <object_component id="oc-79b">
         <name>.text:sl_Stop</name>
         <load_address>0x1247e</load_address>
         <run_address>0x1247e</run_address>
         <size>0xac</size>
         <input_file_ref idref="fl-b"/>
      </object_component>
      <object_component id="oc-b24">
         <name>.text:_sl_HandleAsync_DnsGetHostByName</name>
         <load_address>0x1252a</load_address>
         <run_address>0x1252a</run_address>
         <size>0xaa</size>
         <input_file_ref idref="fl-f"/>
      </object_component>
      <object_component id="oc-8a5">
         <name>.text:_SlDrvCmdOp</name>
         <load_address>0x125d4</load_address>
         <run_address>0x125d4</run_address>
         <size>0xa8</size>
         <input_file_ref idref="fl-c"/>
      </object_component>
      <object_component id="oc-81b">
         <name>.text:sl_DevGet</name>
         <load_address>0x1267c</load_address>
         <run_address>0x1267c</run_address>
         <size>0xa8</size>
         <input_file_ref idref="fl-b"/>
      </object_component>
      <object_component id="oc-85f">
         <name>.text:spi_Open</name>
         <load_address>0x12724</load_address>
         <run_address>0x12724</run_address>
         <size>0xa2</size>
         <input_file_ref idref="fl-7"/>
      </object_component>
      <object_component id="oc-adf">
         <name>.text:_sl_HandleAsync_PingResponse</name>
         <load_address>0x127c6</load_address>
         <run_address>0x127c6</run_address>
         <size>0xa0</size>
         <input_file_ref idref="fl-f"/>
      </object_component>
      <object_component id="oc-9df">
         <name>.text:_SlDriverHandleError</name>
         <load_address>0x12866</load_address>
         <run_address>0x12866</run_address>
         <size>0x98</size>
         <input_file_ref idref="fl-c"/>
      </object_component>
      <object_component id="oc-a80">
         <name>.text:_SlAsyncEventGenericHandler</name>
         <load_address>0x128fe</load_address>
         <run_address>0x128fe</run_address>
         <size>0x96</size>
         <input_file_ref idref="fl-c"/>
      </object_component>
      <object_component id="oc-b53">
         <name>.text:_sl_HandleAsync_InitComplete</name>
         <load_address>0x12994</load_address>
         <run_address>0x12994</run_address>
         <size>0x94</size>
         <input_file_ref idref="fl-b"/>
      </object_component>
      <object_component id="oc-b3d">
         <name>.text:_sl_HandleAsync_Connect</name>
         <load_address>0x12a28</load_address>
         <run_address>0x12a28</run_address>
         <size>0x92</size>
         <input_file_ref idref="fl-12"/>
      </object_component>
      <object_component id="oc-9d0">
         <name>.text:_SlDrvMsgReadSpawnCtx</name>
         <load_address>0x12aba</load_address>
         <run_address>0x12aba</run_address>
         <size>0x82</size>
         <input_file_ref idref="fl-c"/>
      </object_component>
      <object_component id="oc-69f">
         <name>.text:_auto_init_hold_wdt</name>
         <load_address>0x12b3c</load_address>
         <run_address>0x12b3c</run_address>
         <size>0x82</size>
         <input_file_ref idref="fl-57"/>
      </object_component>
      <object_component id="oc-afd">
         <name>.text:_SlDrvDeviceEventHandler</name>
         <load_address>0x12bbe</load_address>
         <run_address>0x12bbe</run_address>
         <size>0x80</size>
         <input_file_ref idref="fl-b"/>
      </object_component>
      <object_component id="oc-7a">
         <name>.text:decompress:lzss:__TI_decompress_lzss</name>
         <load_address>0x12c3e</load_address>
         <run_address>0x12c3e</run_address>
         <size>0x78</size>
         <input_file_ref idref="fl-3b"/>
      </object_component>
      <object_component id="oc-82d">
         <name>.text:sl_NetCfgSet</name>
         <load_address>0x12cb6</load_address>
         <run_address>0x12cb6</run_address>
         <size>0x78</size>
         <input_file_ref idref="fl-10"/>
      </object_component>
      <object_component id="oc-ab0">
         <name>.text:_SlDrvClassifyRxMsg</name>
         <load_address>0x12d2e</load_address>
         <run_address>0x12d2e</run_address>
         <size>0x74</size>
         <input_file_ref idref="fl-c"/>
      </object_component>
      <object_component id="oc-b37">
         <name>.text:_sl_HandleAsync_Accept</name>
         <load_address>0x12da2</load_address>
         <run_address>0x12da2</run_address>
         <size>0x74</size>
         <input_file_ref idref="fl-12"/>
      </object_component>
      <object_component id="oc-99f">
         <name>.text:_SlNonOsSemGet</name>
         <load_address>0x12e16</load_address>
         <run_address>0x12e16</run_address>
         <size>0x6a</size>
         <input_file_ref idref="fl-11"/>
      </object_component>
      <object_component id="oc-6f3">
         <name>.text:copy_in</name>
         <load_address>0x12e80</load_address>
         <run_address>0x12e80</run_address>
         <size>0x66</size>
         <input_file_ref idref="fl-5f"/>
      </object_component>
      <object_component id="oc-b6b">
         <name>.text:_SlDrvCmdSend</name>
         <load_address>0x12ee6</load_address>
         <run_address>0x12ee6</run_address>
         <size>0x62</size>
         <input_file_ref idref="fl-c"/>
      </object_component>
      <object_component id="oc-789">
         <name>.text:sl_Recv</name>
         <load_address>0x12f48</load_address>
         <run_address>0x12f48</run_address>
         <size>0x60</size>
         <input_file_ref idref="fl-12"/>
      </object_component>
      <object_component id="oc-b43">
         <name>.text:_sl_HandleAsync_Select</name>
         <load_address>0x12fa8</load_address>
         <run_address>0x12fa8</run_address>
         <size>0x5e</size>
         <input_file_ref idref="fl-12"/>
      </object_component>
      <object_component id="oc-833">
         <name>.text:sl_WlanSet</name>
         <load_address>0x13006</load_address>
         <run_address>0x13006</run_address>
         <size>0x5e</size>
         <input_file_ref idref="fl-14"/>
      </object_component>
      <object_component id="oc-b49">
         <name>.text:_sl_HandleAsync_Stop</name>
         <load_address>0x13064</load_address>
         <run_address>0x13064</run_address>
         <size>0x5c</size>
         <input_file_ref idref="fl-b"/>
      </object_component>
      <object_component id="oc-b30">
         <name>.text:_sl_NetAppSendTokenValue</name>
         <load_address>0x130c0</load_address>
         <run_address>0x130c0</run_address>
         <size>0x5a</size>
         <input_file_ref idref="fl-f"/>
      </object_component>
      <object_component id="oc-800">
         <name>.text</name>
         <load_address>0x1311a</load_address>
         <run_address>0x1311a</run_address>
         <size>0x58</size>
         <input_file_ref idref="fl-49"/>
      </object_component>
      <object_component id="oc-821">
         <name>.text:sl_WlanPolicySet</name>
         <load_address>0x13172</load_address>
         <run_address>0x13172</run_address>
         <size>0x56</size>
         <input_file_ref idref="fl-14"/>
      </object_component>
      <object_component id="oc-7f4">
         <name>.text:UARTwrite</name>
         <load_address>0x131c8</load_address>
         <run_address>0x131c8</run_address>
         <size>0x50</size>
         <input_file_ref idref="fl-9"/>
      </object_component>
      <object_component id="oc-845">
         <name>.text:sl_WlanRxFilterSet</name>
         <load_address>0x13218</load_address>
         <run_address>0x13218</run_address>
         <size>0x4e</size>
         <input_file_ref idref="fl-14"/>
      </object_component>
      <object_component id="oc-751">
         <name>.text:_SlNonOsMainLoopTask</name>
         <load_address>0x13266</load_address>
         <run_address>0x13266</run_address>
         <size>0x4c</size>
         <input_file_ref idref="fl-11"/>
      </object_component>
      <object_component id="oc-886">
         <name>.text:_SlDrvSyncObjWaitTimeout</name>
         <load_address>0x132b2</load_address>
         <run_address>0x132b2</run_address>
         <size>0x46</size>
         <input_file_ref idref="fl-c"/>
      </object_component>
      <object_component id="oc-76b">
         <name>.text:sl_Htonl</name>
         <load_address>0x132f8</load_address>
         <run_address>0x132f8</run_address>
         <size>0x46</size>
         <input_file_ref idref="fl-12"/>
      </object_component>
      <object_component id="oc-9d6">
         <name>.text:_SlNonOsSpawn</name>
         <load_address>0x1333e</load_address>
         <run_address>0x1333e</run_address>
         <size>0x44</size>
         <input_file_ref idref="fl-11"/>
      </object_component>
      <object_component id="oc-8db">
         <name>.text:_sl_BuildAddress</name>
         <load_address>0x13382</load_address>
         <run_address>0x13382</run_address>
         <size>0x44</size>
         <input_file_ref idref="fl-12"/>
      </object_component>
      <object_component id="oc-72d">
         <name>.text:CLI_Configure</name>
         <load_address>0x133c6</load_address>
         <run_address>0x133c6</run_address>
         <size>0x42</size>
         <input_file_ref idref="fl-3"/>
      </object_component>
      <object_component id="oc-b09">
         <name>.text:SimpleLinkSockEventHandler</name>
         <load_address>0x13408</load_address>
         <run_address>0x13408</run_address>
         <size>0x40</size>
         <input_file_ref idref="fl-6"/>
      </object_component>
      <object_component id="oc-771">
         <name>.text:sl_Socket</name>
         <load_address>0x13448</load_address>
         <run_address>0x13448</run_address>
         <size>0x40</size>
         <input_file_ref idref="fl-12"/>
      </object_component>
      <object_component id="oc-760">
         <name>.text:l_lsl_const</name>
         <load_address>0x13488</load_address>
         <run_address>0x13488</run_address>
         <size>0x3e</size>
         <input_file_ref idref="fl-52"/>
      </object_component>
      <object_component id="oc-ab6">
         <name>.text:spi_Read</name>
         <load_address>0x134c6</load_address>
         <run_address>0x134c6</run_address>
         <size>0x3e</size>
         <input_file_ref idref="fl-7"/>
      </object_component>
      <object_component id="oc-868">
         <name>.text:_SlDrvProtectAsyncRespSetting</name>
         <load_address>0x13504</load_address>
         <run_address>0x13504</run_address>
         <size>0x3c</size>
         <input_file_ref idref="fl-c"/>
      </object_component>
      <object_component id="oc-874">
         <name>.text:_SlDrvRxIrqHandler</name>
         <load_address>0x13540</load_address>
         <run_address>0x13540</run_address>
         <size>0x3c</size>
         <input_file_ref idref="fl-c"/>
      </object_component>
      <object_component id="oc-839">
         <name>.text:sl_NetAppMDNSUnRegisterService</name>
         <load_address>0x1357c</load_address>
         <run_address>0x1357c</run_address>
         <size>0x3a</size>
         <input_file_ref idref="fl-f"/>
      </object_component>
      <object_component id="oc-b17">
         <name>.text:CopyPingResultsToReport</name>
         <load_address>0x135b6</load_address>
         <run_address>0x135b6</run_address>
         <size>0x38</size>
         <input_file_ref idref="fl-f"/>
      </object_component>
      <object_component id="oc-918">
         <name>.text:_SlDrvBasicCmd</name>
         <load_address>0x135ee</load_address>
         <run_address>0x135ee</run_address>
         <size>0x38</size>
         <input_file_ref idref="fl-c"/>
      </object_component>
      <object_component id="oc-783">
         <name>.text:blink_led</name>
         <load_address>0x13626</load_address>
         <run_address>0x13626</run_address>
         <size>0x36</size>
         <input_file_ref idref="fl-4"/>
      </object_component>
      <object_component id="oc-903">
         <name>.text:soft_delay</name>
         <load_address>0x1365c</load_address>
         <run_address>0x1365c</run_address>
         <size>0x34</size>
         <input_file_ref idref="fl-4"/>
      </object_component>
      <object_component id="oc-a99">
         <name>.text:spi_Write</name>
         <load_address>0x13690</load_address>
         <run_address>0x13690</run_address>
         <size>0x32</size>
         <input_file_ref idref="fl-7"/>
      </object_component>
      <object_component id="oc-ace">
         <name>.text:CLI_Write</name>
         <load_address>0x136c2</load_address>
         <run_address>0x136c2</run_address>
         <size>0x30</size>
         <input_file_ref idref="fl-3"/>
      </object_component>
      <object_component id="oc-9ff">
         <name>.text:_SlDrvObjGlobalLockWaitForever</name>
         <load_address>0x136f2</load_address>
         <run_address>0x136f2</run_address>
         <size>0x2e</size>
         <input_file_ref idref="fl-c"/>
      </object_component>
      <object_component id="oc-75a">
         <name>.text:set_led</name>
         <load_address>0x13720</load_address>
         <run_address>0x13720</run_address>
         <size>0x2e</size>
         <input_file_ref idref="fl-4"/>
      </object_component>
      <object_component id="oc-78f">
         <name>.text:sl_Close</name>
         <load_address>0x1374e</load_address>
         <run_address>0x1374e</run_address>
         <size>0x2c</size>
         <input_file_ref idref="fl-12"/>
      </object_component>
      <object_component id="oc-765">
         <name>.text:sl_Htons</name>
         <load_address>0x1377a</load_address>
         <run_address>0x1377a</run_address>
         <size>0x2c</size>
         <input_file_ref idref="fl-12"/>
      </object_component>
      <object_component id="oc-827">
         <name>.text:sl_WlanProfileDel</name>
         <load_address>0x137a6</load_address>
         <run_address>0x137a6</run_address>
         <size>0x2c</size>
         <input_file_ref idref="fl-14"/>
      </object_component>
      <object_component id="oc-815">
         <name>.text:sl_WlanSetMode</name>
         <load_address>0x137d2</load_address>
         <run_address>0x137d2</run_address>
         <size>0x2c</size>
         <input_file_ref idref="fl-14"/>
      </object_component>
      <object_component id="oc-9bc">
         <name>.text:_SlDrvProtectionObjLockWaitForever</name>
         <load_address>0x137fe</load_address>
         <run_address>0x137fe</run_address>
         <size>0x2a</size>
         <input_file_ref idref="fl-c"/>
      </object_component>
      <object_component id="oc-8e6">
         <name>.text:_SlDrvSyncObjWaitForever</name>
         <load_address>0x13828</load_address>
         <run_address>0x13828</run_address>
         <size>0x28</size>
         <input_file_ref idref="fl-c"/>
      </object_component>
      <object_component id="oc-6b2">
         <name>.text:__mpu_init</name>
         <load_address>0x13850</load_address>
         <run_address>0x13850</run_address>
         <size>0x28</size>
         <input_file_ref idref="fl-59"/>
      </object_component>
      <object_component id="oc-a2">
         <name>.text:decompress:ZI:__TI_zero_init</name>
         <load_address>0x13878</load_address>
         <run_address>0x13878</run_address>
         <size>0x24</size>
         <input_file_ref idref="fl-48"/>
      </object_component>
      <object_component id="oc-7fa">
         <name>.text</name>
         <load_address>0x1389c</load_address>
         <run_address>0x1389c</run_address>
         <size>0x24</size>
         <input_file_ref idref="fl-4d"/>
      </object_component>
      <object_component id="oc-727">
         <name>.text:initClk</name>
         <load_address>0x138c0</load_address>
         <run_address>0x138c0</run_address>
         <size>0x22</size>
         <input_file_ref idref="fl-2"/>
      </object_component>
      <object_component id="oc-9a6">
         <name>.text:Delay</name>
         <load_address>0x138e2</load_address>
         <run_address>0x138e2</run_address>
         <size>0x20</size>
         <input_file_ref idref="fl-2"/>
      </object_component>
      <object_component id="oc-a32">
         <name>.text:_SlDrvObjLockWaitForever</name>
         <load_address>0x13902</load_address>
         <run_address>0x13902</run_address>
         <size>0x20</size>
         <input_file_ref idref="fl-c"/>
      </object_component>
      <object_component id="oc-8f3">
         <name>.text:_sl_TruncatePayloadByProtocol</name>
         <load_address>0x13922</load_address>
         <run_address>0x13922</run_address>
         <size>0x1c</size>
         <input_file_ref idref="fl-12"/>
      </object_component>
      <object_component id="oc-9c2">
         <name>.text:_SlDrvProtectionObjUnLock</name>
         <load_address>0x1393e</load_address>
         <run_address>0x1393e</run_address>
         <size>0x1a</size>
         <input_file_ref idref="fl-c"/>
      </object_component>
      <object_component id="oc-a05">
         <name>.text:_SlDrvGlobalObjUnLock</name>
         <load_address>0x13958</load_address>
         <run_address>0x13958</run_address>
         <size>0x18</size>
         <input_file_ref idref="fl-c"/>
      </object_component>
      <object_component id="oc-7bd">
         <name>.text</name>
         <load_address>0x13970</load_address>
         <run_address>0x13970</run_address>
         <size>0x18</size>
         <input_file_ref idref="fl-4b"/>
      </object_component>
      <object_component id="oc-733">
         <name>.text:init_leds</name>
         <load_address>0x13988</load_address>
         <run_address>0x13988</run_address>
         <size>0x16</size>
         <input_file_ref idref="fl-4"/>
      </object_component>
      <object_component id="oc-83f">
         <name>.text:memset</name>
         <load_address>0x1399e</load_address>
         <run_address>0x1399e</run_address>
         <size>0x16</size>
         <input_file_ref idref="fl-61"/>
      </object_component>
      <object_component id="oc-795">
         <name>.text:sl_WlanDisconnect</name>
         <load_address>0x139b4</load_address>
         <run_address>0x139b4</run_address>
         <size>0x16</size>
         <input_file_ref idref="fl-14"/>
      </object_component>
      <object_component id="oc-66e">
         <name>.text:memcpy</name>
         <load_address>0x139ca</load_address>
         <run_address>0x139ca</run_address>
         <size>0x14</size>
         <input_file_ref idref="fl-60"/>
      </object_component>
      <object_component id="oc-80">
         <name>.text:decompress:none:__TI_decompress_none</name>
         <load_address>0x139de</load_address>
         <run_address>0x139de</run_address>
         <size>0x12</size>
         <input_file_ref idref="fl-3c"/>
      </object_component>
      <object_component id="oc-b5b">
         <name>.text:strcpy</name>
         <load_address>0x139f0</load_address>
         <run_address>0x139f0</run_address>
         <size>0x12</size>
         <input_file_ref idref="fl-62"/>
      </object_component>
      <object_component id="oc-a2c">
         <name>.text:_SlDrvObjUnLock</name>
         <load_address>0x13a02</load_address>
         <run_address>0x13a02</run_address>
         <size>0x10</size>
         <input_file_ref idref="fl-c"/>
      </object_component>
      <object_component id="oc-9ec">
         <name>.text:_SlDrvSyncObjSignal</name>
         <load_address>0x13a12</load_address>
         <run_address>0x13a12</run_address>
         <size>0x10</size>
         <input_file_ref idref="fl-c"/>
      </object_component>
      <object_component id="oc-9ac">
         <name>.text:CC3100_InterruptEnable</name>
         <load_address>0x13a22</load_address>
         <run_address>0x13a22</run_address>
         <size>0xe</size>
         <input_file_ref idref="fl-2"/>
      </object_component>
      <object_component id="oc-94a">
         <name>.text:UARTCharPut</name>
         <load_address>0x13a30</load_address>
         <run_address>0x13a30</run_address>
         <size>0xe</size>
         <input_file_ref idref="fl-8"/>
      </object_component>
      <object_component id="oc-892">
         <name>.text:_sl_GetStartResponseConvert</name>
         <load_address>0x13a3e</load_address>
         <run_address>0x13a3e</run_address>
         <size>0xe</size>
         <input_file_ref idref="fl-b"/>
      </object_component>
      <object_component id="oc-af4">
         <name>.text:strlen</name>
         <load_address>0x13a4c</load_address>
         <run_address>0x13a4c</run_address>
         <size>0xe</size>
         <input_file_ref idref="fl-63"/>
      </object_component>
      <object_component id="oc-a43">
         <name>.text:CC3100_InterruptDisable</name>
         <load_address>0x13a5a</load_address>
         <run_address>0x13a5a</run_address>
         <size>0xa</size>
         <input_file_ref idref="fl-2"/>
      </object_component>
      <object_component id="oc-a88">
         <name>.text:SimpleLinkGeneralEventHandler</name>
         <load_address>0x13a64</load_address>
         <run_address>0x13a64</run_address>
         <size>0xa</size>
         <input_file_ref idref="fl-6"/>
      </object_component>
      <object_component id="oc-b2a">
         <name>.text:SimpleLinkHttpServerCallback</name>
         <load_address>0x13a6e</load_address>
         <run_address>0x13a6e</run_address>
         <size>0xa</size>
         <input_file_ref idref="fl-6"/>
      </object_component>
      <object_component id="oc-89f">
         <name>.text:_SlDrvMemZero</name>
         <load_address>0x13a78</load_address>
         <run_address>0x13a78</run_address>
         <size>0xa</size>
         <input_file_ref idref="fl-c"/>
      </object_component>
      <object_component id="oc-8ed">
         <name>.text:_SlDrvResetCmdExt</name>
         <load_address>0x13a82</load_address>
         <run_address>0x13a82</run_address>
         <size>0xa</size>
         <input_file_ref idref="fl-c"/>
      </object_component>
      <object_component id="oc-9f2">
         <name>.text</name>
         <load_address>0x13a8c</load_address>
         <run_address>0x13a8c</run_address>
         <size>0xa</size>
         <input_file_ref idref="fl-51"/>
      </object_component>
      <object_component id="oc-8e1">
         <name>.text</name>
         <load_address>0x13a96</load_address>
         <run_address>0x13a96</run_address>
         <size>0xa</size>
         <input_file_ref idref="fl-53"/>
      </object_component>
      <object_component id="oc-999">
         <name>.text:_SlNonOsSemSet</name>
         <load_address>0x13aa0</load_address>
         <run_address>0x13aa0</run_address>
         <size>0x8</size>
         <input_file_ref idref="fl-11"/>
      </object_component>
      <object_component id="oc-87a">
         <name>.text:registerInterruptHandler</name>
         <load_address>0x13aa8</load_address>
         <run_address>0x13aa8</run_address>
         <size>0x8</size>
         <input_file_ref idref="fl-2"/>
      </object_component>
      <object_component id="oc-922">
         <name>.text:spi_Close</name>
         <load_address>0x13ab0</load_address>
         <run_address>0x13ab0</run_address>
         <size>0x8</size>
         <input_file_ref idref="fl-7"/>
      </object_component>
      <object_component id="oc-721">
         <name>.text:stopWDT</name>
         <load_address>0x13ab8</load_address>
         <run_address>0x13ab8</run_address>
         <size>0x8</size>
         <input_file_ref idref="fl-2"/>
      </object_component>
      <object_component id="oc-86e">
         <name>.text:CC3100_disable</name>
         <load_address>0x13ac0</load_address>
         <run_address>0x13ac0</run_address>
         <size>0x6</size>
         <input_file_ref idref="fl-2"/>
      </object_component>
      <object_component id="oc-880">
         <name>.text:CC3100_enable</name>
         <load_address>0x13ac6</load_address>
         <run_address>0x13ac6</run_address>
         <size>0x6</size>
         <input_file_ref idref="fl-2"/>
      </object_component>
      <object_component id="oc-9ca">
         <name>.text:MaskIntHdlr</name>
         <load_address>0x13acc</load_address>
         <run_address>0x13acc</run_address>
         <size>0x6</size>
         <input_file_ref idref="fl-2"/>
      </object_component>
      <object_component id="oc-ac2">
         <name>.text:UnMaskIntHdlr</name>
         <load_address>0x13ad2</load_address>
         <run_address>0x13ad2</run_address>
         <size>0x6</size>
         <input_file_ref idref="fl-2"/>
      </object_component>
      <object_component id="oc-6c1">
         <name>.text:abort</name>
         <load_address>0x13ad8</load_address>
         <run_address>0x13ad8</run_address>
         <size>0x6</size>
         <input_file_ref idref="fl-5c"/>
      </object_component>
      <object_component id="oc-699">
         <name>.text:_system_pre_init</name>
         <load_address>0x13ade</load_address>
         <run_address>0x13ade</run_address>
         <size>0x4</size>
         <input_file_ref idref="fl-5b"/>
      </object_component>
      <object_component id="oc-6f9">
         <name>.text:_system_post_cinit</name>
         <load_address>0x13ae2</load_address>
         <run_address>0x13ae2</run_address>
         <size>0x2</size>
         <input_file_ref idref="fl-5a"/>
      </object_component>
      <object_component id="oc-995">
         <name>.bss:g_StatMem</name>
         <uninitialized>true</uninitialized>
         <run_address>0x1c00</run_address>
         <size>0x14a</size>
         <input_file_ref idref="fl-c"/>
      </object_component>
      <object_component id="oc-a78">
         <name>.common:IntIsMasked</name>
         <uninitialized>true</uninitialized>
         <run_address>0x1d6e</run_address>
         <size>0x1</size>
      </object_component>
      <object_component id="oc-6e9">
         <name>.common:g_ucUARTBuffer</name>
         <uninitialized>true</uninitialized>
         <run_address>0x1d6a</run_address>
         <size>0x4</size>
      </object_component>
      <object_component id="oc-b5a">
         <name>.common:g_SSID</name>
         <uninitialized>true</uninitialized>
         <run_address>0x1d4a</run_address>
         <size>0x20</size>
      </object_component>
      <object_component id="oc-998">
         <name>.common:RxIrqCnt</name>
         <uninitialized>true</uninitialized>
         <run_address>0x1d6f</run_address>
         <size>0x1</size>
      </object_component>
      <object_component id="oc-856">
         <name>.common:g_bDeviceRestartIsRequired</name>
         <uninitialized>true</uninitialized>
         <run_address>0x1d70</run_address>
         <size>0x1</size>
      </object_component>
      <object_component id="oc-6e5">
         <name>.data</name>
         <load_address>0x1dc2</load_address>
         <run_address>0x1dc2</run_address>
         <size>0x4</size>
         <input_file_ref idref="fl-2"/>
      </object_component>
      <object_component id="oc-6ec">
         <name>.data</name>
         <load_address>0x1dc6</load_address>
         <run_address>0x1dc6</run_address>
         <size>0x2</size>
         <input_file_ref idref="fl-3"/>
      </object_component>
      <object_component id="oc-757">
         <name>.data</name>
         <load_address>0x1da4</load_address>
         <run_address>0x1da4</run_address>
         <size>0x14</size>
         <input_file_ref idref="fl-6"/>
      </object_component>
      <object_component id="oc-865">
         <name>.data</name>
         <load_address>0x1db8</load_address>
         <run_address>0x1db8</run_address>
         <size>0x9</size>
         <input_file_ref idref="fl-c"/>
      </object_component>
      <object_component id="oc-8bc">
         <name>.data:g__SlNonOsCB</name>
         <load_address>0x1d72</load_address>
         <run_address>0x1d72</run_address>
         <size>0x32</size>
         <input_file_ref idref="fl-11"/>
      </object_component>
      <object_component id="oc-65f">
         <name>.stack</name>
         <uninitialized>true</uninitialized>
         <run_address>0x2360</run_address>
         <size>0x4</size>
         <input_file_ref idref="fl-55"/>
      </object_component>
      <object_component id="oc-bec">
         <name>.stack</name>
         <uninitialized>true</uninitialized>
         <run_address>0x2360</run_address>
         <size>0x0</size>
      </object_component>
      <object_component id="oc-86">
         <name>.int27</name>
         <load_address>0xffc6</load_address>
         <run_address>0xffc6</run_address>
         <size>0x2</size>
         <input_file_ref idref="fl-3d"/>
      </object_component>
      <object_component id="oc-87">
         <name>.int28</name>
         <load_address>0xffc8</load_address>
         <run_address>0xffc8</run_address>
         <size>0x2</size>
         <input_file_ref idref="fl-2"/>
      </object_component>
      <object_component id="oc-88">
         <name>.int29</name>
         <load_address>0xffca</load_address>
         <run_address>0xffca</run_address>
         <size>0x2</size>
         <input_file_ref idref="fl-3f"/>
      </object_component>
      <object_component id="oc-89">
         <name>.int30</name>
         <load_address>0xffcc</load_address>
         <run_address>0xffcc</run_address>
         <size>0x2</size>
         <input_file_ref idref="fl-40"/>
      </object_component>
      <object_component id="oc-8a">
         <name>.int31</name>
         <load_address>0xffce</load_address>
         <run_address>0xffce</run_address>
         <size>0x2</size>
         <input_file_ref idref="fl-41"/>
      </object_component>
      <object_component id="oc-8b">
         <name>.int32</name>
         <load_address>0xffd0</load_address>
         <run_address>0xffd0</run_address>
         <size>0x2</size>
         <input_file_ref idref="fl-42"/>
      </object_component>
      <object_component id="oc-8c">
         <name>.int33</name>
         <load_address>0xffd2</load_address>
         <run_address>0xffd2</run_address>
         <size>0x2</size>
         <input_file_ref idref="fl-43"/>
      </object_component>
      <object_component id="oc-8d">
         <name>.int34</name>
         <load_address>0xffd4</load_address>
         <run_address>0xffd4</run_address>
         <size>0x2</size>
         <input_file_ref idref="fl-2"/>
      </object_component>
      <object_component id="oc-8e">
         <name>.int35</name>
         <load_address>0xffd6</load_address>
         <run_address>0xffd6</run_address>
         <size>0x2</size>
         <input_file_ref idref="fl-2"/>
      </object_component>
      <object_component id="oc-8f">
         <name>.int36</name>
         <load_address>0xffd8</load_address>
         <run_address>0xffd8</run_address>
         <size>0x2</size>
         <input_file_ref idref="fl-2"/>
      </object_component>
      <object_component id="oc-90">
         <name>.int37</name>
         <load_address>0xffda</load_address>
         <run_address>0xffda</run_address>
         <size>0x2</size>
         <input_file_ref idref="fl-44"/>
      </object_component>
      <object_component id="oc-91">
         <name>.int38</name>
         <load_address>0xffdc</load_address>
         <run_address>0xffdc</run_address>
         <size>0x2</size>
         <input_file_ref idref="fl-2"/>
      </object_component>
      <object_component id="oc-92">
         <name>.int39</name>
         <load_address>0xffde</load_address>
         <run_address>0xffde</run_address>
         <size>0x2</size>
         <input_file_ref idref="fl-2"/>
      </object_component>
      <object_component id="oc-93">
         <name>.int40</name>
         <load_address>0xffe0</load_address>
         <run_address>0xffe0</run_address>
         <size>0x2</size>
         <input_file_ref idref="fl-2"/>
      </object_component>
      <object_component id="oc-94">
         <name>.int41</name>
         <load_address>0xffe2</load_address>
         <run_address>0xffe2</run_address>
         <size>0x2</size>
         <input_file_ref idref="fl-45"/>
      </object_component>
      <object_component id="oc-95">
         <name>.int42</name>
         <load_address>0xffe4</load_address>
         <run_address>0xffe4</run_address>
         <size>0x2</size>
         <input_file_ref idref="fl-3"/>
      </object_component>
      <object_component id="oc-96">
         <name>.int43</name>
         <load_address>0xffe6</load_address>
         <run_address>0xffe6</run_address>
         <size>0x2</size>
         <input_file_ref idref="fl-2"/>
      </object_component>
      <object_component id="oc-97">
         <name>.int44</name>
         <load_address>0xffe8</load_address>
         <run_address>0xffe8</run_address>
         <size>0x2</size>
         <input_file_ref idref="fl-2"/>
      </object_component>
      <object_component id="oc-98">
         <name>.int45</name>
         <load_address>0xffea</load_address>
         <run_address>0xffea</run_address>
         <size>0x2</size>
         <input_file_ref idref="fl-2"/>
      </object_component>
      <object_component id="oc-99">
         <name>.int46</name>
         <load_address>0xffec</load_address>
         <run_address>0xffec</run_address>
         <size>0x2</size>
         <input_file_ref idref="fl-2"/>
      </object_component>
      <object_component id="oc-9a">
         <name>.int47</name>
         <load_address>0xffee</load_address>
         <run_address>0xffee</run_address>
         <size>0x2</size>
         <input_file_ref idref="fl-2"/>
      </object_component>
      <object_component id="oc-9b">
         <name>.int48</name>
         <load_address>0xfff0</load_address>
         <run_address>0xfff0</run_address>
         <size>0x2</size>
         <input_file_ref idref="fl-46"/>
      </object_component>
      <object_component id="oc-9c">
         <name>.int49</name>
         <load_address>0xfff2</load_address>
         <run_address>0xfff2</run_address>
         <size>0x2</size>
         <input_file_ref idref="fl-2"/>
      </object_component>
      <object_component id="oc-9d">
         <name>.int50</name>
         <load_address>0xfff4</load_address>
         <run_address>0xfff4</run_address>
         <size>0x2</size>
         <input_file_ref idref="fl-2"/>
      </object_component>
      <object_component id="oc-9e">
         <name>.int51</name>
         <load_address>0xfff6</load_address>
         <run_address>0xfff6</run_address>
         <size>0x2</size>
         <input_file_ref idref="fl-2"/>
      </object_component>
      <object_component id="oc-9f">
         <name>.int52</name>
         <load_address>0xfff8</load_address>
         <run_address>0xfff8</run_address>
         <size>0x2</size>
         <input_file_ref idref="fl-47"/>
      </object_component>
      <object_component id="oc-a0">
         <name>.int53</name>
         <load_address>0xfffa</load_address>
         <run_address>0xfffa</run_address>
         <size>0x2</size>
         <input_file_ref idref="fl-2"/>
      </object_component>
      <object_component id="oc-a1">
         <name>.int54</name>
         <load_address>0xfffc</load_address>
         <run_address>0xfffc</run_address>
         <size>0x2</size>
         <input_file_ref idref="fl-2"/>
      </object_component>
      <object_component id="oc-662">
         <name>.reset</name>
         <load_address>0xfffe</load_address>
         <run_address>0xfffe</run_address>
         <size>0x2</size>
         <input_file_ref idref="fl-55"/>
      </object_component>
      <object_component id="oc-93b">
         <name>.debug_info</name>
         <load_address>0x0</load_address>
         <run_address>0x0</run_address>
         <size>0x58e</size>
         <input_file_ref idref="fl-2"/>
      </object_component>
      <object_component id="oc-6e6">
         <name>.debug_info</name>
         <load_address>0x58e</load_address>
         <run_address>0x58e</run_address>
         <size>0xdf</size>
         <input_file_ref idref="fl-2"/>
      </object_component>
      <object_component id="oc-728">
         <name>.debug_info</name>
         <load_address>0x66d</load_address>
         <run_address>0x66d</run_address>
         <size>0xf9</size>
         <input_file_ref idref="fl-2"/>
      </object_component>
      <object_component id="oc-87b">
         <name>.debug_info</name>
         <load_address>0x766</load_address>
         <run_address>0x766</run_address>
         <size>0x176</size>
         <input_file_ref idref="fl-2"/>
      </object_component>
      <object_component id="oc-86f">
         <name>.debug_info</name>
         <load_address>0x8dc</load_address>
         <run_address>0x8dc</run_address>
         <size>0x107</size>
         <input_file_ref idref="fl-2"/>
      </object_component>
      <object_component id="oc-881">
         <name>.debug_info</name>
         <load_address>0x9e3</load_address>
         <run_address>0x9e3</run_address>
         <size>0x105</size>
         <input_file_ref idref="fl-2"/>
      </object_component>
      <object_component id="oc-9ad">
         <name>.debug_info</name>
         <load_address>0xae8</load_address>
         <run_address>0xae8</run_address>
         <size>0x117</size>
         <input_file_ref idref="fl-2"/>
      </object_component>
      <object_component id="oc-a44">
         <name>.debug_info</name>
         <load_address>0xbff</load_address>
         <run_address>0xbff</run_address>
         <size>0x119</size>
         <input_file_ref idref="fl-2"/>
      </object_component>
      <object_component id="oc-9cb">
         <name>.debug_info</name>
         <load_address>0xd18</load_address>
         <run_address>0xd18</run_address>
         <size>0x101</size>
         <input_file_ref idref="fl-2"/>
      </object_component>
      <object_component id="oc-ac3">
         <name>.debug_info</name>
         <load_address>0xe19</load_address>
         <run_address>0xe19</run_address>
         <size>0x105</size>
         <input_file_ref idref="fl-2"/>
      </object_component>
      <object_component id="oc-722">
         <name>.debug_info</name>
         <load_address>0xf1e</load_address>
         <run_address>0xf1e</run_address>
         <size>0xf9</size>
         <input_file_ref idref="fl-2"/>
      </object_component>
      <object_component id="oc-687">
         <name>.debug_info</name>
         <load_address>0x1017</load_address>
         <run_address>0x1017</run_address>
         <size>0x105</size>
         <input_file_ref idref="fl-2"/>
      </object_component>
      <object_component id="oc-9a7">
         <name>.debug_info</name>
         <load_address>0x111c</load_address>
         <run_address>0x111c</run_address>
         <size>0x131</size>
         <input_file_ref idref="fl-2"/>
      </object_component>
      <object_component id="oc-681">
         <name>.debug_info</name>
         <load_address>0x124d</load_address>
         <run_address>0x124d</run_address>
         <size>0xf4</size>
         <input_file_ref idref="fl-2"/>
      </object_component>
      <object_component id="oc-84c">
         <name>.debug_info</name>
         <load_address>0x1341</load_address>
         <run_address>0x1341</run_address>
         <size>0x46a</size>
         <input_file_ref idref="fl-2"/>
      </object_component>
      <object_component id="oc-7b4">
         <name>.debug_info</name>
         <load_address>0x17ab</load_address>
         <run_address>0x17ab</run_address>
         <size>0x55</size>
         <input_file_ref idref="fl-2"/>
      </object_component>
      <object_component id="oc-8b7">
         <name>.debug_info</name>
         <load_address>0x1800</load_address>
         <run_address>0x1800</run_address>
         <size>0x92</size>
         <input_file_ref idref="fl-2"/>
      </object_component>
      <object_component id="oc-7a3">
         <name>.debug_info</name>
         <load_address>0x1892</load_address>
         <run_address>0x1892</run_address>
         <size>0x87f</size>
         <input_file_ref idref="fl-2"/>
      </object_component>
      <object_component id="oc-936">
         <name>.debug_info</name>
         <load_address>0x2111</load_address>
         <run_address>0x2111</run_address>
         <size>0x611</size>
         <input_file_ref idref="fl-2"/>
      </object_component>
      <object_component id="oc-7a8">
         <name>.debug_info</name>
         <load_address>0x2722</load_address>
         <run_address>0x2722</run_address>
         <size>0x93f</size>
         <input_file_ref idref="fl-2"/>
      </object_component>
      <object_component id="oc-8c0">
         <name>.debug_info</name>
         <load_address>0x3061</load_address>
         <run_address>0x3061</run_address>
         <size>0xc4</size>
         <input_file_ref idref="fl-2"/>
      </object_component>
      <object_component id="oc-851">
         <name>.debug_info</name>
         <load_address>0x3125</load_address>
         <run_address>0x3125</run_address>
         <size>0x6c8</size>
         <input_file_ref idref="fl-2"/>
      </object_component>
      <object_component id="oc-669">
         <name>.debug_info</name>
         <load_address>0x37ed</load_address>
         <run_address>0x37ed</run_address>
         <size>0x84</size>
         <input_file_ref idref="fl-2"/>
      </object_component>
      <object_component id="oc-8c9">
         <name>.debug_info</name>
         <load_address>0x3871</load_address>
         <run_address>0x3871</run_address>
         <size>0x18b</size>
         <input_file_ref idref="fl-2"/>
      </object_component>
      <object_component id="oc-990">
         <name>.debug_info</name>
         <load_address>0x39fc</load_address>
         <run_address>0x39fc</run_address>
         <size>0x2c</size>
         <input_file_ref idref="fl-2"/>
      </object_component>
      <object_component id="oc-6d7">
         <name>.debug_info</name>
         <load_address>0x3a28</load_address>
         <run_address>0x3a28</run_address>
         <size>0x2c</size>
         <input_file_ref idref="fl-2"/>
      </object_component>
      <object_component id="oc-6ea">
         <name>.debug_info</name>
         <load_address>0x3a54</load_address>
         <run_address>0x3a54</run_address>
         <size>0x410</size>
         <input_file_ref idref="fl-3"/>
      </object_component>
      <object_component id="oc-6ed">
         <name>.debug_info</name>
         <load_address>0x3e64</load_address>
         <run_address>0x3e64</run_address>
         <size>0xda</size>
         <input_file_ref idref="fl-3"/>
      </object_component>
      <object_component id="oc-68d">
         <name>.debug_info</name>
         <load_address>0x3f3e</load_address>
         <run_address>0x3f3e</run_address>
         <size>0x105</size>
         <input_file_ref idref="fl-3"/>
      </object_component>
      <object_component id="oc-acf">
         <name>.debug_info</name>
         <load_address>0x4043</load_address>
         <run_address>0x4043</run_address>
         <size>0x169</size>
         <input_file_ref idref="fl-3"/>
      </object_component>
      <object_component id="oc-72e">
         <name>.debug_info</name>
         <load_address>0x41ac</load_address>
         <run_address>0x41ac</run_address>
         <size>0x10e</size>
         <input_file_ref idref="fl-3"/>
      </object_component>
      <object_component id="oc-a3a">
         <name>.debug_info</name>
         <load_address>0x42ba</load_address>
         <run_address>0x42ba</run_address>
         <size>0x416</size>
         <input_file_ref idref="fl-4"/>
      </object_component>
      <object_component id="oc-904">
         <name>.debug_info</name>
         <load_address>0x46d0</load_address>
         <run_address>0x46d0</run_address>
         <size>0x138</size>
         <input_file_ref idref="fl-4"/>
      </object_component>
      <object_component id="oc-734">
         <name>.debug_info</name>
         <load_address>0x4808</load_address>
         <run_address>0x4808</run_address>
         <size>0xfa</size>
         <input_file_ref idref="fl-4"/>
      </object_component>
      <object_component id="oc-784">
         <name>.debug_info</name>
         <load_address>0x4902</load_address>
         <run_address>0x4902</run_address>
         <size>0x156</size>
         <input_file_ref idref="fl-4"/>
      </object_component>
      <object_component id="oc-75b">
         <name>.debug_info</name>
         <load_address>0x4a58</load_address>
         <run_address>0x4a58</run_address>
         <size>0x166</size>
         <input_file_ref idref="fl-4"/>
      </object_component>
      <object_component id="oc-7a2">
         <name>.debug_info</name>
         <load_address>0x4bbe</load_address>
         <run_address>0x4bbe</run_address>
         <size>0x86b</size>
         <input_file_ref idref="fl-5"/>
      </object_component>
      <object_component id="oc-71b">
         <name>.debug_info</name>
         <load_address>0x5429</load_address>
         <run_address>0x5429</run_address>
         <size>0xcb</size>
         <input_file_ref idref="fl-5"/>
      </object_component>
      <object_component id="oc-71e">
         <name>.debug_info</name>
         <load_address>0x54f4</load_address>
         <run_address>0x54f4</run_address>
         <size>0xcb</size>
         <input_file_ref idref="fl-5"/>
      </object_component>
      <object_component id="oc-6ba">
         <name>.debug_info</name>
         <load_address>0x55bf</load_address>
         <run_address>0x55bf</run_address>
         <size>0x45c</size>
         <input_file_ref idref="fl-5"/>
      </object_component>
      <object_component id="oc-959">
         <name>.debug_info</name>
         <load_address>0x5a1b</load_address>
         <run_address>0x5a1b</run_address>
         <size>0x7e3</size>
         <input_file_ref idref="fl-6"/>
      </object_component>
      <object_component id="oc-758">
         <name>.debug_info</name>
         <load_address>0x61fe</load_address>
         <run_address>0x61fe</run_address>
         <size>0x178</size>
         <input_file_ref idref="fl-6"/>
      </object_component>
      <object_component id="oc-810">
         <name>.debug_info</name>
         <load_address>0x6376</load_address>
         <run_address>0x6376</run_address>
         <size>0xd7</size>
         <input_file_ref idref="fl-6"/>
      </object_component>
      <object_component id="oc-813">
         <name>.debug_info</name>
         <load_address>0x644d</load_address>
         <run_address>0x644d</run_address>
         <size>0xd7</size>
         <input_file_ref idref="fl-6"/>
      </object_component>
      <object_component id="oc-740">
         <name>.debug_info</name>
         <load_address>0x6524</load_address>
         <run_address>0x6524</run_address>
         <size>0x3ab</size>
         <input_file_ref idref="fl-6"/>
      </object_component>
      <object_component id="oc-b04">
         <name>.debug_info</name>
         <load_address>0x68cf</load_address>
         <run_address>0x68cf</run_address>
         <size>0x228</size>
         <input_file_ref idref="fl-6"/>
      </object_component>
      <object_component id="oc-b10">
         <name>.debug_info</name>
         <load_address>0x6af7</load_address>
         <run_address>0x6af7</run_address>
         <size>0x22a</size>
         <input_file_ref idref="fl-6"/>
      </object_component>
      <object_component id="oc-b2b">
         <name>.debug_info</name>
         <load_address>0x6d21</load_address>
[...]
         <value>0x131c8</value>
         <object_component_ref idref="oc-7f4"/>
      </symbol>
      <symbol id="sm-839">
         <name>UARTprintf</name>
         <value>0x104bc</value>
         <object_component_ref idref="oc-739"/>
      </symbol>
      <symbol id="sm-8b0">
         <name>_sl_HandleAsync_InitComplete</name>
         <value>0x12994</value>
         <object_component_ref idref="oc-b53"/>
      </symbol>
      <symbol id="sm-8b1">
         <name>_SlDrvDeviceEventHandler</name>
         <value>0x12bbe</value>
         <object_component_ref idref="oc-afd"/>
      </symbol>
      <symbol id="sm-8b2">
         <name>_sl_HandleAsync_Stop</name>
         <value>0x13064</value>
         <object_component_ref idref="oc-b49"/>
      </symbol>
      <symbol id="sm-8b3">
         <name>sl_Stop</name>
         <value>0x1247e</value>
         <object_component_ref idref="oc-79b"/>
      </symbol>
      <symbol id="sm-8b4">
         <name>sl_Start</name>
         <value>0x12180</value>
         <object_component_ref idref="oc-745"/>
      </symbol>
      <symbol id="sm-8b5">
         <name>sl_DevGet</name>
         <value>0x1267c</value>
         <object_component_ref idref="oc-81b"/>
      </symbol>
      <symbol id="sm-a82">
         <name>RxIrqCnt</name>
         <value>0x1d6f</value>
      </symbol>
      <symbol id="sm-a83">
         <name>g_bDeviceRestartIsRequired</name>
         <value>0x1d70</value>
      </symbol>
      <symbol id="sm-a84">
         <name>_SlDrvProtectionObjUnLock</name>
         <value>0x1393e</value>
         <object_component_ref idref="oc-9c2"/>
      </symbol>
      <symbol id="sm-a85">
         <name>_SlDrvBasicCmd</name>
         <value>0x135ee</value>
         <object_component_ref idref="oc-918"/>
      </symbol>
      <symbol id="sm-a86">
         <name>_SlDrvObjUnLock</name>
         <value>0x13a02</value>
         <object_component_ref idref="oc-a2c"/>
      </symbol>
      <symbol id="sm-a87">
         <name>_SlDrvObjLockWaitForever</name>
         <value>0x13902</value>
         <object_component_ref idref="oc-a32"/>
      </symbol>
      <symbol id="sm-a88">
         <name>_SlDrvMsgReadSpawnCtx</name>
         <value>0x12aba</value>
         <object_component_ref idref="oc-9d0"/>
      </symbol>
      <symbol id="sm-a89">
         <name>_SlDriverHandleError</name>
         <value>0x12866</value>
         <object_component_ref idref="oc-9df"/>
      </symbol>
      <symbol id="sm-a8a">
         <name>_SlDrvDriverCBDeinit</name>
         <value>0x11fea</value>
         <object_component_ref idref="oc-928"/>
      </symbol>
      <symbol id="sm-a8b">
         <name>_SlDrvResetCmdExt</name>
         <value>0x13a82</value>
         <object_component_ref idref="oc-8ed"/>
      </symbol>
      <symbol id="sm-a8c">
         <name>_SlDrvProtectAsyncRespSetting</name>
         <value>0x13504</value>
         <object_component_ref idref="oc-868"/>
      </symbol>
      <symbol id="sm-a8d">
         <name>_SlDrvReleasePoolObj</name>
         <value>0x10a80</value>
         <object_component_ref idref="oc-88c"/>
      </symbol>
      <symbol id="sm-a8e">
         <name>OpcodeTranslateTable</name>
         <value>0x47dc</value>
         <object_component_ref idref="oc-ac9"/>
      </symbol>
      <symbol id="sm-a8f">
         <name>pPingCallBackFunc</name>
         <value>0x1dbc</value>
         <object_component_ref idref="oc-865"/>
      </symbol>
      <symbol id="sm-a90">
         <name>_SlDrvDriverCBInit</name>
         <value>0x113e6</value>
         <object_component_ref idref="oc-859"/>
      </symbol>
      <symbol id="sm-a91">
         <name>g_pCB</name>
         <value>0x1db8</value>
         <object_component_ref idref="oc-865"/>
      </symbol>
      <symbol id="sm-a92">
         <name>_SlDrvProtectionObjLockWaitForever</name>
         <value>0x137fe</value>
         <object_component_ref idref="oc-9bc"/>
      </symbol>
      <symbol id="sm-a93">
         <name>_SlDrvCmdOp</name>
         <value>0x125d4</value>
         <object_component_ref idref="oc-8a5"/>
      </symbol>
      <symbol id="sm-a94">
         <name>_SlDrvSyncObjWaitTimeout</name>
         <value>0x132b2</value>
         <object_component_ref idref="oc-886"/>
      </symbol>
      <symbol id="sm-a95">
         <name>_SlDrvGlobalObjUnLock</name>
         <value>0x13958</value>
         <object_component_ref idref="oc-a05"/>
      </symbol>
      <symbol id="sm-a96">
         <name>_SlDrvMemZero</name>
         <value>0x13a78</value>
         <object_component_ref idref="oc-89f"/>
      </symbol>
      <symbol id="sm-a97">
         <name>_SlDrvWaitForPoolObj</name>
         <value>0x1157a</value>
         <object_component_ref idref="oc-9b6"/>
      </symbol>
      <symbol id="sm-a98">
         <name>_SlDrvSyncObjSignal</name>
         <value>0x13a12</value>
         <object_component_ref idref="oc-9ec"/>
      </symbol>
      <symbol id="sm-a99">
         <name>_SlDrvDataReadOp</name>
         <value>0x11230</value>
         <object_component_ref idref="oc-90d"/>
      </symbol>
      <symbol id="sm-a9a">
         <name>_SlDrvDataWriteOp</name>
         <value>0x11b00</value>
         <object_component_ref idref="oc-8fc"/>
      </symbol>
      <symbol id="sm-a9b">
         <name>_SlDrvRxIrqHandler</name>
         <value>0x13540</value>
         <object_component_ref idref="oc-874"/>
      </symbol>
      <symbol id="sm-a9c">
         <name>_SlDrvSyncObjWaitForever</name>
         <value>0x13828</value>
         <object_component_ref idref="oc-8e6"/>
      </symbol>
      <symbol id="sm-a9d">
         <name>_SlDrvCmdSend</name>
         <value>0x12ee6</value>
         <object_component_ref idref="oc-b6b"/>
      </symbol>
      <symbol id="sm-a9e">
         <name>_SlActionLookupTable</name>
         <value>0x4818</value>
         <object_component_ref idref="oc-aed"/>
      </symbol>
      <symbol id="sm-b04">
         <name>sl_NetAppMDNSUnRegisterService</name>
         <value>0x1357c</value>
         <object_component_ref idref="oc-839"/>
      </symbol>
      <symbol id="sm-b05">
         <name>_SlNetAppSendTokenValueCmdCtrl</name>
         <value>0x4938</value>
         <object_component_ref idref="oc-b68"/>
      </symbol>
      <symbol id="sm-b06">
         <name>_sl_HandleAsync_DnsGetHostByName</name>
         <value>0x1252a</value>
         <object_component_ref idref="oc-b24"/>
      </symbol>
      <symbol id="sm-b07">
         <name>_sl_HandleAsync_PingResponse</name>
         <value>0x127c6</value>
         <object_component_ref idref="oc-adf"/>
      </symbol>
      <symbol id="sm-b08">
         <name>_SlDrvNetAppEventHandler</name>
         <value>0x11d2c</value>
         <object_component_ref idref="oc-ae5"/>
      </symbol>
      <symbol id="sm-b09">
         <name>_sl_HandleAsync_DnsGetHostByService</name>
         <value>0x123c4</value>
         <object_component_ref idref="oc-b1e"/>
      </symbol>
      <symbol id="sm-b0a">
         <name>_sl_NetAppSendTokenValue</name>
         <value>0x130c0</value>
         <object_component_ref idref="oc-b30"/>
      </symbol>
      <symbol id="sm-b0b">
         <name>sl_NetAppMDNSRegisterUnregisterService</name>
         <value>0x1224a</value>
         <object_component_ref idref="oc-97b"/>
      </symbol>
      <symbol id="sm-b25">
         <name>sl_NetCfgSet</name>
         <value>0x12cb6</value>
         <object_component_ref idref="oc-82d"/>
      </symbol>
      <symbol id="sm-b5b">
         <name>_SlNonOsSemSet</name>
         <value>0x13aa0</value>
         <object_component_ref idref="oc-999"/>
      </symbol>
      <symbol id="sm-b5c">
         <name>_SlNonOsSpawn</name>
         <value>0x1333e</value>
         <object_component_ref idref="oc-9d6"/>
      </symbol>
      <symbol id="sm-b5d">
         <name>_SlNonOsSemGet</name>
         <value>0x12e16</value>
         <object_component_ref idref="oc-99f"/>
      </symbol>
      <symbol id="sm-b5e">
         <name>_SlNonOsMainLoopTask</name>
         <value>0x13266</value>
         <object_component_ref idref="oc-751"/>
      </symbol>
      <symbol id="sm-b5f">
         <name>g__SlNonOsCB</name>
         <value>0x1d72</value>
         <object_component_ref idref="oc-8bc"/>
      </symbol>
      <symbol id="sm-c00">
         <name>sl_Recv</name>
         <value>0x12f48</value>
         <object_component_ref idref="oc-789"/>
      </symbol>
      <symbol id="sm-c01">
         <name>sl_Send</name>
         <value>0x120b6</value>
         <object_component_ref idref="oc-77d"/>
      </symbol>
      <symbol id="sm-c02">
         <name>_sl_HandleAsync_Connect</name>
         <value>0x12a28</value>
         <object_component_ref idref="oc-b3d"/>
      </symbol>
      <symbol id="sm-c03">
         <name>sl_Htonl</name>
         <value>0x132f8</value>
         <object_component_ref idref="oc-76b"/>
      </symbol>
      <symbol id="sm-c04">
         <name>sl_Htons</name>
         <value>0x1377a</value>
         <object_component_ref idref="oc-765"/>
      </symbol>
      <symbol id="sm-c05">
         <name>sl_Connect</name>
         <value>0x119cc</value>
         <object_component_ref idref="oc-777"/>
      </symbol>
      <symbol id="sm-c06">
         <name>sl_Socket</name>
         <value>0x13448</value>
         <object_component_ref idref="oc-771"/>
      </symbol>
      <symbol id="sm-c07">
         <name>_sl_HandleAsync_Select</name>
         <value>0x12fa8</value>
         <object_component_ref idref="oc-b43"/>
      </symbol>
      <symbol id="sm-c08">
         <name>sl_Close</name>
         <value>0x1374e</value>
         <object_component_ref idref="oc-78f"/>
      </symbol>
      <symbol id="sm-c09">
         <name>_sl_HandleAsync_Accept</name>
         <value>0x12da2</value>
         <object_component_ref idref="oc-b37"/>
      </symbol>
      <symbol id="sm-c81">
         <name>sl_WlanDisconnect</name>
         <value>0x139b4</value>
         <object_component_ref idref="oc-795"/>
      </symbol>
      <symbol id="sm-c82">
         <name>sl_WlanPolicySet</name>
         <value>0x13172</value>
         <object_component_ref idref="oc-821"/>
      </symbol>
      <symbol id="sm-c83">
         <name>sl_WlanProfileDel</name>
         <value>0x137a6</value>
         <object_component_ref idref="oc-827"/>
      </symbol>
      <symbol id="sm-c84">
         <name>sl_WlanRxFilterSet</name>
         <value>0x13218</value>
         <object_component_ref idref="oc-845"/>
      </symbol>
      <symbol id="sm-c85">
         <name>sl_WlanConnect</name>
         <value>0x1086a</value>
         <object_component_ref idref="oc-74b"/>
      </symbol>
      <symbol id="sm-c86">
         <name>sl_WlanSet</name>
         <value>0x13006</value>
         <object_component_ref idref="oc-833"/>
      </symbol>
      <symbol id="sm-c87">
         <name>sl_WlanSetMode</name>
         <value>0x137d2</value>
         <object_component_ref idref="oc-815"/>
      </symbol>
      <symbol id="sm-ca5">
         <name>__TI_decompress_lzss</name>
         <value>0x12c3e</value>
         <object_component_ref idref="oc-7a"/>
      </symbol>
      <symbol id="sm-cbb">
         <name>__TI_decompress_none</name>
         <value>0x139de</value>
         <object_component_ref idref="oc-80"/>
      </symbol>
      <symbol id="sm-cbe">
         <name>__TI_int27</name>
         <value>0xffc6</value>
         <object_component_ref idref="oc-86"/>
      </symbol>
      <symbol id="sm-cc6">
         <name>__TI_ISR_TRAP</name>
         <value>0x4472</value>
         <object_component_ref idref="oc-67b"/>
      </symbol>
      <symbol id="sm-cc9">
         <name>__TI_int29</name>
         <value>0xffca</value>
         <object_component_ref idref="oc-88"/>
      </symbol>
      <symbol id="sm-ccc">
         <name>__TI_int30</name>
         <value>0xffcc</value>
         <object_component_ref idref="oc-89"/>
      </symbol>
      <symbol id="sm-ccf">
         <name>__TI_int31</name>
         <value>0xffce</value>
         <object_component_ref idref="oc-8a"/>
      </symbol>
      <symbol id="sm-cd2">
         <name>__TI_int32</name>
         <value>0xffd0</value>
         <object_component_ref idref="oc-8b"/>
      </symbol>
      <symbol id="sm-cd5">
         <name>__TI_int33</name>
         <value>0xffd2</value>
         <object_component_ref idref="oc-8c"/>
      </symbol>
      <symbol id="sm-cd8">
         <name>__TI_int37</name>
         <value>0xffda</value>
         <object_component_ref idref="oc-90"/>
      </symbol>
      <symbol id="sm-cdb">
         <name>__TI_int41</name>
         <value>0xffe2</value>
         <object_component_ref idref="oc-94"/>
      </symbol>
      <symbol id="sm-cde">
         <name>__TI_int48</name>
         <value>0xfff0</value>
         <object_component_ref idref="oc-9b"/>
      </symbol>
      <symbol id="sm-ce1">
         <name>__TI_int52</name>
         <value>0xfff8</value>
         <object_component_ref idref="oc-9f"/>
      </symbol>
      <symbol id="sm-cf4">
         <name>__TI_zero_init</name>
         <value>0x13878</value>
         <object_component_ref idref="oc-a2"/>
      </symbol>
      <symbol id="sm-d02">
         <name>__mspabi_remul</name>
         <value>0x1311a</value>
         <object_component_ref idref="oc-800"/>
      </symbol>
      <symbol id="sm-d03">
         <name>__mspabi_divul</name>
         <value>0x1311a</value>
         <object_component_ref idref="oc-800"/>
      </symbol>
      <symbol id="sm-d0c">
         <name>__mspabi_mpyi_f5hw</name>
         <value>0x13970</value>
         <object_component_ref idref="oc-7bd"/>
      </symbol>
      <symbol id="sm-d15">
         <name>__mspabi_mpyl_f5hw</name>
         <value>0x1389c</value>
         <object_component_ref idref="oc-7fa"/>
      </symbol>
      <symbol id="sm-d21">
         <name>__mspabi_slli</name>
         <value>0x13a8c</value>
         <object_component_ref idref="oc-9f2"/>
      </symbol>
      <symbol id="sm-d29">
         <name>__mspabi_slll_9</name>
         <value>0x134a0</value>
         <object_component_ref idref="oc-760"/>
      </symbol>
      <symbol id="sm-d2a">
         <name>__mspabi_slll_8</name>
         <value>0x134a4</value>
         <object_component_ref idref="oc-760"/>
      </symbol>
      <symbol id="sm-d2b">
         <name>__mspabi_slll_7</name>
         <value>0x134a8</value>
         <object_component_ref idref="oc-760"/>
      </symbol>
      <symbol id="sm-d2c">
         <name>__mspabi_slll_6</name>
         <value>0x134ac</value>
         <object_component_ref idref="oc-760"/>
      </symbol>
      <symbol id="sm-d2d">
         <name>__mspabi_slll_5</name>
         <value>0x134b0</value>
         <object_component_ref idref="oc-760"/>
      </symbol>
      <symbol id="sm-d2e">
         <name>__mspabi_slll_4</name>
         <value>0x134b4</value>
         <object_component_ref idref="oc-760"/>
      </symbol>
      <symbol id="sm-d2f">
         <name>__mspabi_slll_3</name>
         <value>0x134b8</value>
         <object_component_ref idref="oc-760"/>
      </symbol>
      <symbol id="sm-d30">
         <name>__mspabi_slll_2</name>
         <value>0x134bc</value>
         <object_component_ref idref="oc-760"/>
      </symbol>
      <symbol id="sm-d31">
         <name>__mspabi_slll_1</name>
         <value>0x134c0</value>
         <object_component_ref idref="oc-760"/>
      </symbol>
      <symbol id="sm-d32">
         <name>__mspabi_slll_15</name>
         <value>0x13488</value>
         <object_component_ref idref="oc-760"/>
      </symbol>
      <symbol id="sm-d33">
         <name>__mspabi_slll_14</name>
         <value>0x1348c</value>
         <object_component_ref idref="oc-760"/>
      </symbol>
      <symbol id="sm-d34">
         <name>__mspabi_slll_13</name>
         <value>0x13490</value>
         <object_component_ref idref="oc-760"/>
      </symbol>
      <symbol id="sm-d35">
         <name>__mspabi_slll_12</name>
         <value>0x13494</value>
         <object_component_ref idref="oc-760"/>
      </symbol>
      <symbol id="sm-d36">
         <name>__mspabi_slll_11</name>
         <value>0x13498</value>
         <object_component_ref idref="oc-760"/>
      </symbol>
      <symbol id="sm-d37">
         <name>__mspabi_slll_10</name>
         <value>0x1349c</value>
         <object_component_ref idref="oc-760"/>
      </symbol>
      <symbol id="sm-d40">
         <name>__mspabi_srli</name>
         <value>0x13a96</value>
         <object_component_ref idref="oc-8e1"/>
      </symbol>
      <symbol id="sm-d49">
         <name>_stack</name>
         <value>0x2360</value>
         <object_component_ref idref="oc-65f"/>
      </symbol>
      <symbol id="sm-d4a">
         <name>_reset_vector</name>
         <value>0xfffe</value>
         <object_component_ref idref="oc-662"/>
      </symbol>
      <symbol id="sm-d6d">
         <name>_auto_init_hold_wdt</name>
         <value>0x12b3c</value>
         <object_component_ref idref="oc-69f"/>
      </symbol>
      <symbol id="sm-d77">
         <name>_c_int00_noargs_noexit_mpu</name>
         <value>0x443a</value>
         <object_component_ref idref="oc-c6"/>
      </symbol>
      <symbol id="sm-d80">
         <name>__mpu_init</name>
         <value>0x13850</value>
         <object_component_ref idref="oc-6b2"/>
      </symbol>
      <symbol id="sm-d89">
         <name>_system_post_cinit</name>
         <value>0x13ae2</value>
         <object_component_ref idref="oc-6f9"/>
      </symbol>
      <symbol id="sm-d92">
         <name>_system_pre_init</name>
         <value>0x13ade</value>
         <object_component_ref idref="oc-699"/>
      </symbol>
      <symbol id="sm-d9c">
         <name>C$$EXIT</name>
         <value>0x13ad8</value>
         <object_component_ref idref="oc-6c1"/>
      </symbol>
      <symbol id="sm-d9d">
         <name>abort</name>
         <value>0x13ad8</value>
         <object_component_ref idref="oc-6c1"/>
      </symbol>
      <symbol id="sm-db5">
         <name>copy_in</name>
         <value>0x12e80</value>
         <object_component_ref idref="oc-6f3"/>
      </symbol>
      <symbol id="sm-dc3">
         <name>memcpy</name>
         <value>0x139ca</value>
         <object_component_ref idref="oc-66e"/>
      </symbol>
      <symbol id="sm-dd1">
         <name>memset</name>
         <value>0x1399e</value>
         <object_component_ref idref="oc-83f"/>
      </symbol>
      <symbol id="sm-dde">
         <name>strcpy</name>
         <value>0x139f0</value>
         <object_component_ref idref="oc-b5b"/>
      </symbol>
      <symbol id="sm-deb">
         <name>strlen</name>
         <value>0x13a4c</value>
         <object_component_ref idref="oc-af4"/>
      </symbol>
      <symbol id="sm-df0">
         <name>__TI_BINIT_Base</name>
         <value>0x0</value>
      </symbol>
      <symbol id="sm-df1">
         <name>__TI_BINIT_Limit</name>
         <value>0x0</value>
      </symbol>
      <symbol id="sm-df2">
         <name>__TI_INITARRAY_Base</name>
         <value>0x0</value>
      </symbol>
      <symbol id="sm-df3">
         <name>__TI_INITARRAY_Limit</name>
         <value>0x0</value>
      </symbol>
      <symbol id="sm-df4">
         <name>_SlDrvDispatchHttpServerEvents</name>
         <value>0x13a6e</value>
      </symbol>
   </symbol_table>
   <title>Link successful</title>
</link_info>
