<?xml version="1.0"?>
<link_info>
   <banner>MSP430 Linker PC v17.3.0.STS</banner>
   <copyright>Copyright (c) 2003-2017 Texas Instruments Incorporated</copyright>
   <link_time>0x59d8eac5</link_time>
   <link_errors>0x0</link_errors>
   <output_file>websrv.out</output_file>
   <entry_point>
      <name>_c_int00_noargs_noexit_mpu</name>
      <address>0x443a</address>
   </entry_point>
   <input_file_list>
      <input_file id="fl-2">
         <path>.\</path>
         <kind>object</kind>
         <file>board.obj</file>
         <name>board.obj</name>
      </input_file>
      <input_file id="fl-3">
         <path>.\</path>
         <kind>object</kind>
         <file>cli_uart.obj</file>
         <name>cli_uart.obj</name>
      </input_file>
      <input_file id="fl-4">
         <path>.\</path>
         <kind>object</kind>
         <file>leds.obj</file>
         <name>leds.obj</name>
      </input_file>
      <input_file id="fl-5">
         <path>.\</path>
         <kind>object</kind>
         <file>main.obj</file>
         <name>main.obj</name>
      </input_file>
      <input_file id="fl-6">
         <path>.\</path>
         <kind>object</kind>
         <file>sensors.obj</file>
         <name>sensors.obj</name>
      </input_file>
      <input_file id="fl-7">
         <path>.\</path>
         <kind>object</kind>
         <file>simple_link_func.obj</file>
         <name>simple_link_func.obj</name>
      </input_file>
      <input_file id="fl-8">
         <path>.\</path>
         <kind>object</kind>
         <file>spi.obj</file>
         <name>spi.obj</name>
      </input_file>
      <input_file id="fl-9">
         <path>.\</path>
         <kind>object</kind>
         <file>uart.obj</file>
         <name>uart.obj</name>
      </input_file>
      <input_file id="fl-a">
         <path>.\</path>
         <kind>object</kind>
         <file>uartstdio.obj</file>
         <name>uartstdio.obj</name>
      </input_file>
      <input_file id="fl-b">
         <path>.\common\</path>
         <kind>object</kind>
         <file>jsmn.obj</file>
         <name>jsmn.obj</name>
      </input_file>
      <input_file id="fl-c">
         <path>.\simplelink\source\</path>
         <kind>object</kind>
         <file>device.obj</file>
         <name>device.obj</name>
      </input_file>
      <input_file id="fl-d">
         <path>.\simplelink\source\</path>
         <kind>object</kind>
         <file>driver.obj</file>
         <name>driver.obj</name>
      </input_file>
      <input_file id="fl-e">
         <path>.\simplelink\source\</path>
         <kind>object</kind>
         <file>flowcont.obj</file>
         <name>flowcont.obj</name>
      </input_file>
      <input_file id="fl-f">
         <path>.\simplelink\source\</path>
         <kind>object</kind>
         <file>fs.obj</file>
         <name>fs.obj</name>
      </input_file>
      <input_file id="fl-10">
         <path>.\simplelink\source\</path>
         <kind>object</kind>
         <file>netapp.obj</file>
         <name>netapp.obj</name>
      </input_file>
      <input_file id="fl-11">
         <path>.\simplelink\source\</path>
         <kind>object</kind>
         <file>netcfg.obj</file>
         <name>netcfg.obj</name>
      </input_file>
      <input_file id="fl-12">
         <path>.\simplelink\source\</path>
         <kind>object</kind>
         <file>nonos.obj</file>
         <name>nonos.obj</name>
      </input_file>
      <input_file id="fl-13">
         <path>.\simplelink\source\</path>
         <kind>object</kind>
         <file>socket.obj</file>
         <name>socket.obj</name>
      </input_file>
      <input_file id="fl-14">
         <path>.\simplelink\source\</path>
         <kind>object</kind>
         <file>spawn.obj</file>
         <name>spawn.obj</name>
      </input_file>
      <input_file id="fl-15">
         <path>.\simplelink\source\</path>
         <kind>object</kind>
         <file>wlan.obj</file>
         <name>wlan.obj</name>
      </input_file>
      <input_file id="fl-1c">
         <kind>object</kind>
         <file>&lt;internal&gt;</file>
         <name>&lt;internal&gt;</name>
      </input_file>
      <input_file id="fl-3c">
         <path>C:\ti\ti_compiler_v17_3\lib\</path>
         <kind>archive</kind>
         <file>rts430x_lc_rd_eabi.lib</file>
         <name>copy_decompress_lzss.obj</name>
      </input_file>
      <input_file id="fl-3d">
         <path>C:\ti\ti_compiler_v17_3\lib\</path>
         <kind>archive</kind>
         <file>rts430x_lc_rd_eabi.lib</file>
         <name>copy_decompress_none.obj</name>
      </input_file>
      <input_file id="fl-3e">
         <path>C:\ti\ti_compiler_v17_3\lib\</path>
         <kind>archive</kind>
         <file>rts430x_lc_rd_eabi.lib</file>
         <name>int27.obj</name>
      </input_file>
      <input_file id="fl-3f">
         <path>C:\ti\ti_compiler_v17_3\lib\</path>
         <kind>archive</kind>
         <file>rts430x_lc_rd_eabi.lib</file>
         <name>isr_trap.obj</name>
      </input_file>
      <input_file id="fl-40">
         <path>C:\ti\ti_compiler_v17_3\lib\</path>
         <kind>archive</kind>
         <file>rts430x_lc_rd_eabi.lib</file>
         <name>int29.obj</name>
      </input_file>
      <input_file id="fl-41">
         <path>C:\ti\ti_compiler_v17_3\lib\</path>
         <kind>archive</kind>
         <file>rts430x_lc_rd_eabi.lib</file>
         <name>int30.obj</name>
      </input_file>
      <input_file id="fl-42">
         <path>C:\ti\ti_compiler_v17_3\lib\</path>
         <kind>archive</kind>
         <file>rts430x_lc_rd_eabi.lib</file>
         <name>int31.obj</name>
      </input_file>
      <input_file id="fl-43">
         <path>C:\ti\ti_compiler_v17_3\lib\</path>
         <kind>archive</kind>
         <file>rts430x_lc_rd_eabi.lib</file>
         <name>int32.obj</name>
      </input_file>
      <input_file id="fl-44">
         <path>C:\ti\ti_compiler_v17_3\lib\</path>
         <kind>archive</kind>
         <file>rts430x_lc_rd_eabi.lib</file>
         <name>int33.obj</name>
      </input_file>
      <input_file id="fl-45">
         <path>C:\ti\ti_compiler_v17_3\lib\</path>
         <kind>archive</kind>
         <file>rts430x_lc_rd_eabi.lib</file>
         <name>int37.obj</name>
      </input_file>
      <input_file id="fl-46">
         <path>C:\ti\ti_compiler_v17_3\lib\</path>
         <kind>archive</kind>
         <file>rts430x_lc_rd_eabi.lib</file>
         <name>int41.obj</name>
      </input_file>
      <input_file id="fl-47">
         <path>C:\ti\ti_compiler_v17_3\lib\</path>
         <kind>archive</kind>
         <file>rts430x_lc_rd_eabi.lib</file>
         <name>int48.obj</name>
      </input_file>
      <input_file id="fl-48">
         <path>C:\ti\ti_compiler_v17_3\lib\</path>
         <kind>archive</kind>
         <file>rts430x_lc_rd_eabi.lib</file>
         <name>int52.obj</name>
      </input_file>
      <input_file id="fl-49">
         <path>C:\ti\ti_compiler_v17_3\lib\</path>
         <kind>archive</kind>
         <file>rts430x_lc_rd_eabi.lib</file>
         <name>copy_zero_init.obj</name>
      </input_file>
      <input_file id="fl-4a">
         <path>C:\ti\ti_compiler_v17_3\lib\</path>
         <kind>archive</kind>
         <file>rts430x_lc_rd_eabi.lib</file>
         <name>div32u.obj</name>
      </input_file>
      <input_file id="fl-4b">
         <path>C:\ti\ti_compiler_v17_3\lib\</path>
         <kind>archive</kind>
         <file>rts430x_lc_rd_eabi.lib</file>
         <name>mult16.obj</name>
      </input_file>
      <input_file id="fl-4c">
         <path>C:\ti\ti_compiler_v17_3\lib\</path>
         <kind>archive</kind>
         <file>rts430x_lc_rd_eabi.lib</file>
         <name>mult16_f5hw.obj</name>
      </input_file>
      <input_file id="fl-4d">
         <path>C:\ti\ti_compiler_v17_3\lib\</path>
         <kind>archive</kind>
         <file>rts430x_lc_rd_eabi.lib</file>
         <name>mult32.obj</name>
      </input_file>
      <input_file id="fl-4e">
         <path>C:\ti\ti_compiler_v17_3\lib\</path>
         <kind>archive</kind>
         <file>rts430x_lc_rd_eabi.lib</file>
         <name>mult32_f5hw.obj</name>
      </input_file>
      <input_file id="fl-4f">
         <path>C:\ti\ti_compiler_v17_3\lib\</path>
         <kind>archive</kind>
         <file>rts430x_lc_rd_eabi.lib</file>
         <name>mult64_f5hw.obj</name>
      </input_file>
      <input_file id="fl-50">
         <path>C:\ti\ti_compiler_v17_3\lib\</path>
         <kind>archive</kind>
         <file>rts430x_lc_rd_eabi.lib</file>
         <name>mult1632_f5hw.obj</name>
      </input_file>
      <input_file id="fl-51">
         <path>C:\ti\ti_compiler_v17_3\lib\</path>
         <kind>archive</kind>
         <file>rts430x_lc_rd_eabi.lib</file>
         <name>mult3264_f5hw.obj</name>
      </input_file>
      <input_file id="fl-52">
         <path>C:\ti\ti_compiler_v17_3\lib\</path>
         <kind>archive</kind>
         <file>rts430x_lc_rd_eabi.lib</file>
         <name>lsl16.obj</name>
      </input_file>
      <input_file id="fl-53">
         <path>C:\ti\ti_compiler_v17_3\lib\</path>
         <kind>archive</kind>
         <file>rts430x_lc_rd_eabi.lib</file>
         <name>lsr16.obj</name>
      </input_file>
      <input_file id="fl-54">
         <path>C:\ti\ti_compiler_v17_3\lib\</path>
         <kind>archive</kind>
         <file>rts430x_lc_rd_eabi.lib</file>
         <name>lsr32.obj</name>
      </input_file>
      <input_file id="fl-55">
         <path>C:\ti\ti_compiler_v17_3\lib\</path>
         <kind>archive</kind>
         <file>rts430x_lc_rd_eabi.lib</file>
         <name>boot.obj</name>
      </input_file>
      <input_file id="fl-56">
         <path>C:\ti\ti_compiler_v17_3\lib\</path>
         <kind>archive</kind>
         <file>rts430x_lc_rd_eabi.lib</file>
         <name>args_main.obj</name>
      </input_file>
      <input_file id="fl-57">
         <path>C:\ti\ti_compiler_v17_3\lib\</path>
         <kind>archive</kind>
         <file>rts430x_lc_rd_eabi.lib</file>
         <name>autoinit_wdt.obj</name>
      </input_file>
      <input_file id="fl-58">
         <path>C:\ti\ti_compiler_v17_3\lib\</path>
         <kind>archive</kind>
         <file>rts430x_lc_rd_eabi.lib</file>
         <name>boot_special.obj</name>
      </input_file>
      <input_file id="fl-59">
         <path>C:\ti\ccsv7\ccs_base\msp430\lib\FR59xx\</path>
         <kind>archive</kind>
         <file>MSPMPU_INIT_LIB_CCS_msp430_large_code_restricted_data.lib</file>
         <name>mpu_init.o</name>
      </input_file>
      <input_file id="fl-5a">
         <path>C:\ti\ti_compiler_v17_3\lib\</path>
         <kind>archive</kind>
         <file>rts430x_lc_rd_eabi.lib</file>
         <name>startup.obj</name>
      </input_file>
      <input_file id="fl-5b">
         <path>C:\ti\ti_compiler_v17_3\lib\</path>
         <kind>archive</kind>
         <file>rts430x_lc_rd_eabi.lib</file>
         <name>pre_init.obj</name>
      </input_file>
      <input_file id="fl-5c">
         <path>C:\ti\ti_compiler_v17_3\lib\</path>
         <kind>archive</kind>
         <file>rts430x_lc_rd_eabi.lib</file>
         <name>exit.obj</name>
      </input_file>
      <input_file id="fl-5d">
         <path>C:\ti\ti_compiler_v17_3\lib\</path>
         <kind>archive</kind>
         <file>rts430x_lc_rd_eabi.lib</file>
         <name>exit_gvars.obj</name>
      </input_file>
      <input_file id="fl-5e">
         <path>C:\ti\ti_compiler_v17_3\lib\</path>
         <kind>archive</kind>
         <file>rts430x_lc_rd_eabi.lib</file>
         <name>_lock.obj</name>
      </input_file>
      <input_file id="fl-5f">
         <path>C:\ti\ti_compiler_v17_3\lib\</path>
         <kind>archive</kind>
         <file>rts430x_lc_rd_eabi.lib</file>
         <name>cpy_tbl.obj</name>
      </input_file>
      <input_file id="fl-60">
         <path>C:\ti\ti_compiler_v17_3\lib\</path>
         <kind>archive</kind>
         <file>rts430x_lc_rd_eabi.lib</file>
         <name>memcpy.obj</name>
      </input_file>
      <input_file id="fl-61">
         <path>C:\ti\ti_compiler_v17_3\lib\</path>
         <kind>archive</kind>
         <file>rts430x_lc_rd_eabi.lib</file>
         <name>memset.obj</name>
      </input_file>
      <input_file id="fl-62">
         <path>C:\ti\ti_compiler_v17_3\lib\</path>
         <kind>archive</kind>
         <file>rts430x_lc_rd_eabi.lib</file>
         <name>sprintf.obj</name>
      </input_file>
      <input_file id="fl-63">
         <path>C:\ti\ti_compiler_v17_3\lib\</path>
         <kind>archive</kind>
         <file>rts430x_lc_rd_eabi.lib</file>
         <name>_printfi.obj</name>
      </input_file>
      <input_file id="fl-64">
         <path>C:\ti\ti_compiler_v17_3\lib\</path>
         <kind>archive</kind>
         <file>rts430x_lc_rd_eabi.lib</file>
         <name>cmpd.obj</name>
      </input_file>
      <input_file id="fl-65">
         <path>C:\ti\ti_compiler_v17_3\lib\</path>
         <kind>archive</kind>
         <file>rts430x_lc_rd_eabi.lib</file>
         <name>divd.obj</name>
      </input_file>
      <input_file id="fl-66">
         <path>C:\ti\ti_compiler_v17_3\lib\</path>
         <kind>archive</kind>
         <file>rts430x_lc_rd_eabi.lib</file>
         <name>frcdivd.obj</name>
      </input_file>
      <input_file id="fl-67">
         <path>C:\ti\ti_compiler_v17_3\lib\</path>
         <kind>archive</kind>
         <file>rts430x_lc_rd_eabi.lib</file>
         <name>div16u.obj</name>
      </input_file>
      <input_file id="fl-68">
         <path>C:\ti\ti_compiler_v17_3\lib\</path>
         <kind>archive</kind>
         <file>rts430x_lc_rd_eabi.lib</file>
         <name>div64u.obj</name>
      </input_file>
      <input_file id="fl-69">
         <path>C:\ti\ti_compiler_v17_3\lib\</path>
         <kind>archive</kind>
         <file>rts430x_lc_rd_eabi.lib</file>
         <name>fixdi.obj</name>
      </input_file>
      <input_file id="fl-6a">
         <path>C:\ti\ti_compiler_v17_3\lib\</path>
         <kind>archive</kind>
         <file>rts430x_lc_rd_eabi.lib</file>
         <name>fixdli.obj</name>
      </input_file>
      <input_file id="fl-6b">
         <path>C:\ti\ti_compiler_v17_3\lib\</path>
         <kind>archive</kind>
         <file>rts430x_lc_rd_eabi.lib</file>
         <name>fltid.obj</name>
      </input_file>
      <input_file id="fl-6c">
         <path>C:\ti\ti_compiler_v17_3\lib\</path>
         <kind>archive</kind>
         <file>rts430x_lc_rd_eabi.lib</file>
         <name>fltlid.obj</name>
      </input_file>
      <input_file id="fl-6d">
         <path>C:\ti\ti_compiler_v17_3\lib\</path>
         <kind>archive</kind>
         <file>rts430x_lc_rd_eabi.lib</file>
         <name>mpyd.obj</name>
      </input_file>
      <input_file id="fl-6e">
         <path>C:\ti\ti_compiler_v17_3\lib\</path>
         <kind>archive</kind>
         <file>rts430x_lc_rd_eabi.lib</file>
         <name>frcmpyd.obj</name>
      </input_file>
      <input_file id="fl-6f">
         <path>C:\ti\ti_compiler_v17_3\lib\</path>
         <kind>archive</kind>
         <file>rts430x_lc_rd_eabi.lib</file>
         <name>negd.obj</name>
      </input_file>
      <input_file id="fl-70">
         <path>C:\ti\ti_compiler_v17_3\lib\</path>
         <kind>archive</kind>
         <file>rts430x_lc_rd_eabi.lib</file>
         <name>lsl32.obj</name>
      </input_file>
      <input_file id="fl-71">
         <path>C:\ti\ti_compiler_v17_3\lib\</path>
         <kind>archive</kind>
         <file>rts430x_lc_rd_eabi.lib</file>
         <name>lsl64.obj</name>
      </input_file>
      <input_file id="fl-72">
         <path>C:\ti\ti_compiler_v17_3\lib\</path>
         <kind>archive</kind>
         <file>rts430x_lc_rd_eabi.lib</file>
         <name>asr32.obj</name>
      </input_file>
      <input_file id="fl-73">
         <path>C:\ti\ti_compiler_v17_3\lib\</path>
         <kind>archive</kind>
         <file>rts430x_lc_rd_eabi.lib</file>
         <name>lsr64.obj</name>
      </input_file>
      <input_file id="fl-74">
         <path>C:\ti\ti_compiler_v17_3\lib\</path>
         <kind>archive</kind>
         <file>rts430x_lc_rd_eabi.lib</file>
         <name>subd.obj</name>
      </input_file>
      <input_file id="fl-75">
         <path>C:\ti\ti_compiler_v17_3\lib\</path>
         <kind>archive</kind>
         <file>rts430x_lc_rd_eabi.lib</file>
         <name>addd.obj</name>
      </input_file>
      <input_file id="fl-76">
         <path>C:\ti\ti_compiler_v17_3\lib\</path>
         <kind>archive</kind>
         <file>rts430x_lc_rd_eabi.lib</file>
         <name>frcaddd.obj</name>
      </input_file>
      <input_file id="fl-77">
         <path>C:\ti\ti_compiler_v17_3\lib\</path>
         <kind>archive</kind>
         <file>rts430x_lc_rd_eabi.lib</file>
         <name>renormd.obj</name>
      </input_file>
      <input_file id="fl-78">
         <path>C:\ti\ti_compiler_v17_3\lib\</path>
         <kind>archive</kind>
         <file>rts430x_lc_rd_eabi.lib</file>
         <name>abs.obj</name>
      </input_file>
      <input_file id="fl-79">
         <path>C:\ti\ti_compiler_v17_3\lib\</path>
         <kind>archive</kind>
         <file>rts430x_lc_rd_eabi.lib</file>
         <name>atoi.obj</name>
      </input_file>
      <input_file id="fl-7a">
         <path>C:\ti\ti_compiler_v17_3\lib\</path>
         <kind>archive</kind>
         <file>rts430x_lc_rd_eabi.lib</file>
         <name>ctype.obj</name>
      </input_file>
      <input_file id="fl-7b">
         <path>C:\ti\ti_compiler_v17_3\lib\</path>
         <kind>archive</kind>
         <file>rts430x_lc_rd_eabi.lib</file>
         <name>s_frexp.obj</name>
      </input_file>
      <input_file id="fl-7c">
         <path>C:\ti\ti_compiler_v17_3\lib\</path>
         <kind>archive</kind>
         <file>rts430x_lc_rd_eabi.lib</file>
         <name>s_scalbn.obj</name>
      </input_file>
      <input_file id="fl-7d">
         <path>C:\ti\ti_compiler_v17_3\lib\</path>
         <kind>archive</kind>
         <file>rts430x_lc_rd_eabi.lib</file>
         <name>s_copysign.obj</name>
      </input_file>
      <input_file id="fl-7e">
         <path>C:\ti\ti_compiler_v17_3\lib\</path>
         <kind>archive</kind>
         <file>rts430x_lc_rd_eabi.lib</file>
         <name>errno.obj</name>
      </input_file>
      <input_file id="fl-7f">
         <path>C:\ti\ti_compiler_v17_3\lib\</path>
         <kind>archive</kind>
         <file>rts430x_lc_rd_eabi.lib</file>
         <name>ltoa.obj</name>
      </input_file>
      <input_file id="fl-80">
         <path>C:\ti\ti_compiler_v17_3\lib\</path>
         <kind>archive</kind>
         <file>rts430x_lc_rd_eabi.lib</file>
         <name>div32s.obj</name>
      </input_file>
      <input_file id="fl-81">
         <path>C:\ti\ti_compiler_v17_3\lib\</path>
         <kind>archive</kind>
         <file>rts430x_lc_rd_eabi.lib</file>
         <name>memccpy.obj</name>
      </input_file>
      <input_file id="fl-82">
         <path>C:\ti\ti_compiler_v17_3\lib\</path>
         <kind>archive</kind>
         <file>rts430x_lc_rd_eabi.lib</file>
         <name>strchr.obj</name>
      </input_file>
      <input_file id="fl-83">
         <path>C:\ti\ti_compiler_v17_3\lib\</path>
         <kind>archive</kind>
         <file>rts430x_lc_rd_eabi.lib</file>
         <name>strcpy.obj</name>
      </input_file>
      <input_file id="fl-84">
         <path>C:\ti\ti_compiler_v17_3\lib\</path>
         <kind>archive</kind>
         <file>rts430x_lc_rd_eabi.lib</file>
         <name>strlen.obj</name>
      </input_file>
      <input_file id="fl-85">
         <path>C:\ti\ti_compiler_v17_3\lib\</path>
         <kind>archive</kind>
         <file>rts430x_lc_rd_eabi.lib</file>
         <name>toupper.obj</name>
      </input_file>
   </input_file_list>
   <object_component_list>
      <object_component id="oc-de9">
         <name>.cinit..data.load</name>
         <load_address>0x4c5c</load_address>
         <run_address>0x4c5c</run_address>
         <size>0x1a</size>
      </object_component>
      <object_component id="oc-de6">
         <name>__TI_handler_table</name>
         <load_address>0x4c76</load_address>
         <run_address>0x4c76</run_address>
         <size>0xc</size>
      </object_component>
      <object_component id="oc-de8">
         <name>.cinit..bss.load</name>
         <load_address>0x4c82</load_address>
         <run_address>0x4c82</run_address>
         <size>0x6</size>
      </object_component>
      <object_component id="oc-de7">
         <name>__TI_cinit_table</name>
         <load_address>0x4c88</load_address>
         <run_address>0x4c88</run_address>
         <size>0x10</size>
      </object_component>
      <object_component id="oc-d7e">
         <name>.binit</name>
         <load_address>0x4400</load_address>
         <run_address>0x4400</run_address>
         <size>0x0</size>
      </object_component>
      <object_component id="oc-b36">
         <name>.const:.string</name>
         <load_address>0x447e</load_address>
         <run_address>0x447e</run_address>
         <size>0x29c</size>
         <input_file_ref idref="fl-7"/>
      </object_component>
      <object_component id="oc-73b">
         <name>.const:.string</name>
         <load_address>0x471a</load_address>
         <run_address>0x471a</run_address>
         <size>0x264</size>
         <input_file_ref idref="fl-5"/>
      </object_component>
      <object_component id="oc-b7c">
         <name>.const:.string:_ctypes_</name>
         <load_address>0x497e</load_address>
         <run_address>0x497e</run_address>
         <size>0x101</size>
         <input_file_ref idref="fl-7a"/>
      </object_component>
      <object_component id="oc-b32">
         <name>.const:OpcodeTranslateTable</name>
         <load_address>0x4a80</load_address>
         <run_address>0x4a80</run_address>
         <size>0x3c</size>
         <input_file_ref idref="fl-d"/>
      </object_component>
      <object_component id="oc-b74">
         <name>.const:_SlActionLookupTable</name>
         <load_address>0x4abc</load_address>
         <run_address>0x4abc</run_address>
         <size>0x38</size>
         <input_file_ref idref="fl-d"/>
      </object_component>
      <object_component id="oc-80b">
         <name>.const:.string</name>
         <load_address>0x4af4</load_address>
         <run_address>0x4af4</run_address>
         <size>0x34</size>
         <input_file_ref idref="fl-a"/>
      </object_component>
      <object_component id="oc-81b">
         <name>.const:$P$T0$1</name>
         <load_address>0x4b28</load_address>
         <run_address>0x4b28</run_address>
         <size>0x2c</size>
         <input_file_ref idref="fl-7"/>
      </object_component>
      <object_component id="oc-925">
         <name>.const:.string</name>
         <load_address>0x4b54</load_address>
         <run_address>0x4b54</run_address>
         <size>0x2a</size>
         <input_file_ref idref="fl-6"/>
      </object_component>
      <object_component id="oc-b48">
         <name>.const:.string</name>
         <load_address>0x4b7e</load_address>
         <run_address>0x4b7e</run_address>
         <size>0x26</size>
         <input_file_ref idref="fl-63"/>
      </object_component>
      <object_component id="oc-b63">
         <name>.const:RxMsgClassLUT</name>
         <load_address>0x4ba4</load_address>
         <run_address>0x4ba4</run_address>
         <size>0x20</size>
         <input_file_ref idref="fl-d"/>
      </object_component>
      <object_component id="oc-81e">
         <name>.const:$P$T1$2</name>
         <load_address>0x4bc4</load_address>
         <run_address>0x4bc4</run_address>
         <size>0x14</size>
         <input_file_ref idref="fl-7"/>
      </object_component>
      <object_component id="oc-a84">
         <name>.const:.string:_SlPayloadByProtocolLUT</name>
         <load_address>0x4bd8</load_address>
         <run_address>0x4bd8</run_address>
         <size>0x10</size>
         <input_file_ref idref="fl-13"/>
      </object_component>
      <object_component id="oc-a27">
         <name>.const:StartResponseLUT</name>
         <load_address>0x4be8</load_address>
         <run_address>0x4be8</run_address>
         <size>0x10</size>
         <input_file_ref idref="fl-c"/>
      </object_component>
      <object_component id="oc-71a">
         <name>.const:$P$T0$1</name>
         <load_address>0x4bf8</load_address>
         <run_address>0x4bf8</run_address>
         <size>0x8</size>
         <input_file_ref idref="fl-5"/>
      </object_component>
      <object_component id="oc-b5f">
         <name>.const:g_H2NCnysPattern</name>
         <load_address>0x4c00</load_address>
         <run_address>0x4c00</run_address>
         <size>0x8</size>
         <input_file_ref idref="fl-d"/>
      </object_component>
      <object_component id="oc-add">
         <name>.const:g_H2NSyncPattern</name>
         <load_address>0x4c08</load_address>
         <run_address>0x4c08</run_address>
         <size>0x8</size>
         <input_file_ref idref="fl-d"/>
      </object_component>
      <object_component id="oc-811">
         <name>.const</name>
         <load_address>0x4c10</load_address>
         <run_address>0x4c10</run_address>
         <size>0x8</size>
         <input_file_ref idref="fl-a"/>
      </object_component>
      <object_component id="oc-906">
         <name>.const:_SlAcceptCmdCtrl</name>
         <load_address>0x4c18</load_address>
         <run_address>0x4c18</run_address>
         <size>0x4</size>
         <input_file_ref idref="fl-13"/>
      </object_component>
      <object_component id="oc-98f">
         <name>.const:_SlDeviceGetCmdCtrl</name>
         <load_address>0x4c1c</load_address>
         <run_address>0x4c1c</run_address>
         <size>0x4</size>
         <input_file_ref idref="fl-c"/>
      </object_component>
      <object_component id="oc-902">
         <name>.const:_SlListenCmdCtrl</name>
         <load_address>0x4c20</load_address>
         <run_address>0x4c20</run_address>
         <size>0x4</size>
         <input_file_ref idref="fl-13"/>
      </object_component>
      <object_component id="oc-c8d">
         <name>.const:_SlNetAppSendTokenValueCmdCtrl</name>
         <load_address>0x4c24</load_address>
         <run_address>0x4c24</run_address>
         <size>0x4</size>
         <input_file_ref idref="fl-10"/>
      </object_component>
      <object_component id="oc-8b7">
         <name>.const:_SlNetAppStopCtrl</name>
         <load_address>0x4c28</load_address>
         <run_address>0x4c28</run_address>
         <size>0x4</size>
         <input_file_ref idref="fl-10"/>
      </object_component>
      <object_component id="oc-9a2">
         <name>.const:_SlNetCfgSetCmdCtrl</name>
         <load_address>0x4c2c</load_address>
         <run_address>0x4c2c</run_address>
         <size>0x4</size>
         <input_file_ref idref="fl-11"/>
      </object_component>
      <object_component id="oc-993">
         <name>.const:_SlPolicySetCmdCtrl</name>
         <load_address>0x4c30</load_address>
         <run_address>0x4c30</run_address>
         <size>0x4</size>
         <input_file_ref idref="fl-15"/>
      </object_component>
      <object_component id="oc-997">
         <name>.const:_SlProfileDelCmdCtrl</name>
         <load_address>0x4c34</load_address>
         <run_address>0x4c34</run_address>
         <size>0x4</size>
         <input_file_ref idref="fl-15"/>
      </object_component>
      <object_component id="oc-91b">
         <name>.const:_SlRecvCmdCtrl</name>
         <load_address>0x4c38</load_address>
         <run_address>0x4c38</run_address>
         <size>0x4</size>
         <input_file_ref idref="fl-13"/>
      </object_component>
      <object_component id="oc-aad">
         <name>.const:_SlRegisterServiceCtrl</name>
         <load_address>0x4c3c</load_address>
         <run_address>0x4c3c</run_address>
         <size>0x4</size>
         <input_file_ref idref="fl-10"/>
      </object_component>
      <object_component id="oc-9b9">
         <name>.const:_SlRxFilterSetCmdCtrl</name>
         <load_address>0x4c40</load_address>
         <run_address>0x4c40</run_address>
         <size>0x4</size>
         <input_file_ref idref="fl-15"/>
      </object_component>
      <object_component id="oc-938">
         <name>.const:_SlSendCmdCtrl</name>
         <load_address>0x4c44</load_address>
         <run_address>0x4c44</run_address>
         <size>0x4</size>
         <input_file_ref idref="fl-13"/>
      </object_component>
      <object_component id="oc-942">
         <name>.const:_SlSockCloseCmdCtrl</name>
         <load_address>0x4c48</load_address>
         <run_address>0x4c48</run_address>
         <size>0x4</size>
         <input_file_ref idref="fl-13"/>
      </object_component>
      <object_component id="oc-8f2">
         <name>.const:_SlSockSocketCmdCtrl</name>
         <load_address>0x4c4c</load_address>
         <run_address>0x4c4c</run_address>
         <size>0x4</size>
         <input_file_ref idref="fl-13"/>
      </object_component>
      <object_component id="oc-97a">
         <name>.const:_SlStopCmdCtrl</name>
         <load_address>0x4c50</load_address>
         <run_address>0x4c50</run_address>
         <size>0x4</size>
         <input_file_ref idref="fl-c"/>
      </object_component>
      <object_component id="oc-9ac">
         <name>.const:_SlWlanCfgSetCmdCtrl</name>
         <load_address>0x4c54</load_address>
         <run_address>0x4c54</run_address>
         <size>0x4</size>
         <input_file_ref idref="fl-15"/>
      </object_component>
      <object_component id="oc-976">
         <name>.const:_SlWlanSetModeCmdCtrl</name>
         <load_address>0x4c58</load_address>
         <run_address>0x4c58</run_address>
         <size>0x4</size>
         <input_file_ref idref="fl-15"/>
      </object_component>
      <object_component id="oc-68c">
         <name>.text:_isr:UART_ISR</name>
         <load_address>0x4400</load_address>
         <run_address>0x4400</run_address>
         <size>0x3a</size>
         <input_file_ref idref="fl-3"/>
      </object_component>
      <object_component id="oc-c6">
         <name>.text:_isr:_c_int00_noargs_noexit_mpu</name>
         <load_address>0x443a</load_address>
         <run_address>0x443a</run_address>
         <size>0x1e</size>
         <input_file_ref idref="fl-58"/>
      </object_component>
      <object_component id="oc-686">
         <name>.text:_isr:Port2_ISR</name>
         <load_address>0x4458</load_address>
         <run_address>0x4458</run_address>
         <size>0x1a</size>
         <input_file_ref idref="fl-2"/>
      </object_component>
      <object_component id="oc-67b">
         <name>.text:_isr:__TI_ISR_TRAP</name>
         <load_address>0x4472</load_address>
         <run_address>0x4472</run_address>
         <size>0x8</size>
         <input_file_ref idref="fl-3f"/>
      </object_component>
      <object_component id="oc-680">
         <name>.text:_isr:Trap_ISR</name>
         <load_address>0x447a</load_address>
         <run_address>0x447a</run_address>
         <size>0x4</size>
         <input_file_ref idref="fl-2"/>
      </object_component>
      <object_component id="oc-ac2">
         <name>.text:_SlDrvMsgRead</name>
         <load_address>0x10000</load_address>
         <run_address>0x10000</run_address>
         <size>0x4bc</size>
         <input_file_ref idref="fl-d"/>
      </object_component>
      <object_component id="oc-cdf">
         <name>.text:__TI_frcdivd</name>
         <load_address>0x104bc</load_address>
         <run_address>0x104bc</run_address>
         <size>0x466</size>
         <input_file_ref idref="fl-66"/>
      </object_component>
      <object_component id="oc-73c">
         <name>.text:UARTprintf</name>
         <load_address>0x10922</load_address>
         <run_address>0x10922</run_address>
         <size>0x3ae</size>
         <input_file_ref idref="fl-a"/>
      </object_component>
      <object_component id="oc-c1c">
         <name>.text:__mspabi_divull</name>
         <load_address>0x10cd0</load_address>
         <run_address>0x10cd0</run_address>
         <size>0x34e</size>
         <input_file_ref idref="fl-68"/>
      </object_component>
      <object_component id="oc-d1f">
         <name>.text:__mspabi_addd</name>
         <load_address>0x1101e</load_address>
         <run_address>0x1101e</run_address>
         <size>0x2e0</size>
         <input_file_ref idref="fl-75"/>
      </object_component>
      <object_component id="oc-cd7">
         <name>.text:__TI_frcmpyd</name>
         <load_address>0x112fe</load_address>
         <run_address>0x112fe</run_address>
         <size>0x280</size>
         <input_file_ref idref="fl-6e"/>
      </object_component>
      <object_component id="oc-c56">
         <name>.text:__mspabi_mpyd</name>
         <load_address>0x1157e</load_address>
         <run_address>0x1157e</run_address>
         <size>0x266</size>
         <input_file_ref idref="fl-6d"/>
      </object_component>
      <object_component id="oc-b4f">
         <name>.text:_pproc_fgea</name>
         <load_address>0x117e4</load_address>
         <run_address>0x117e4</run_address>
         <size>0x260</size>
         <input_file_ref idref="fl-63"/>
      </object_component>
      <object_component id="oc-af2">
         <name>.text:_setfield</name>
         <load_address>0x11a44</load_address>
         <run_address>0x11a44</run_address>
         <size>0x25e</size>
         <input_file_ref idref="fl-63"/>
      </object_component>
      <object_component id="oc-d4e">
         <name>.text:__TI_frcaddd</name>
         <load_address>0x11ca2</load_address>
         <run_address>0x11ca2</run_address>
         <size>0x248</size>
         <input_file_ref idref="fl-76"/>
      </object_component>
      <object_component id="oc-a78">
         <name>.text:__TI_printfi</name>
         <load_address>0x11eea</load_address>
         <run_address>0x11eea</run_address>
         <size>0x23c</size>
         <input_file_ref idref="fl-63"/>
      </object_component>
      <object_component id="oc-c69">
         <name>.text:acvt</name>
         <load_address>0x12126</load_address>
         <run_address>0x12126</run_address>
         <size>0x224</size>
         <input_file_ref idref="fl-63"/>
      </object_component>
      <object_component id="oc-c5c">
         <name>.text:__mspabi_divd</name>
         <load_address>0x1234a</load_address>
         <run_address>0x1234a</run_address>
         <size>0x222</size>
         <input_file_ref idref="fl-65"/>
      </object_component>
      <object_component id="oc-754">
         <name>.text:sl_WlanConnect</name>
         <load_address>0x1256c</load_address>
         <run_address>0x1256c</run_address>
         <size>0x216</size>
         <input_file_ref idref="fl-15"/>
      </object_component>
      <object_component id="oc-8a4">
         <name>.text:_SlDrvReleasePoolObj</name>
         <load_address>0x12782</load_address>
         <run_address>0x12782</run_address>
         <size>0x20e</size>
         <input_file_ref idref="fl-d"/>
      </object_component>
      <object_component id="oc-b13">
         <name>.text:_SlDrvRxHdrRead</name>
         <load_address>0x12990</load_address>
         <run_address>0x12990</run_address>
         <size>0x1f6</size>
         <input_file_ref idref="fl-d"/>
      </object_component>
      <object_component id="oc-742">
         <name>.text:configureSimpleLinkToDefaultState</name>
         <load_address>0x12b86</load_address>
         <run_address>0x12b86</run_address>
         <size>0x1ea</size>
         <input_file_ref idref="fl-7"/>
      </object_component>
      <object_component id="oc-c36">
         <name>.text:ecvt</name>
         <load_address>0x12d70</load_address>
         <run_address>0x12d70</run_address>
         <size>0x1e6</size>
         <input_file_ref idref="fl-63"/>
      </object_component>
      <object_component id="oc-c49">
         <name>.text:fcvt</name>
         <load_address>0x12f56</load_address>
         <run_address>0x12f56</run_address>
         <size>0x1c8</size>
         <input_file_ref idref="fl-63"/>
      </object_component>
      <object_component id="oc-91e">
         <name>.text:_SlDrvDataReadOp</name>
         <load_address>0x1311e</load_address>
         <run_address>0x1311e</run_address>
         <size>0x1b6</size>
         <input_file_ref idref="fl-d"/>
      </object_component>
      <object_component id="oc-bab">
         <name>.text:_pconv_e</name>
         <load_address>0x132d4</load_address>
         <run_address>0x132d4</run_address>
         <size>0x1a4</size>
         <input_file_ref idref="fl-63"/>
      </object_component>
      <object_component id="oc-6b9">
         <name>.text:main</name>
         <load_address>0x13478</load_address>
         <run_address>0x13478</run_address>
         <size>0x19a</size>
         <input_file_ref idref="fl-5"/>
      </object_component>
      <object_component id="oc-cee">
         <name>.text:scalbn</name>
         <load_address>0x13612</load_address>
         <run_address>0x13612</run_address>
         <size>0x198</size>
         <input_file_ref idref="fl-7c"/>
      </object_component>
      <object_component id="oc-871">
         <name>.text:_SlDrvDriverCBInit</name>
         <load_address>0x137aa</load_address>
         <run_address>0x137aa</run_address>
         <size>0x194</size>
         <input_file_ref idref="fl-d"/>
      </object_component>
      <object_component id="oc-9ea">
         <name>.text:_SlDrvWaitForPoolObj</name>
         <load_address>0x1393e</load_address>
         <run_address>0x1393e</run_address>
         <size>0x18e</size>
         <input_file_ref idref="fl-d"/>
      </object_component>
      <object_component id="oc-b81">
         <name>.text:_getarg_diouxp</name>
         <load_address>0x13acc</load_address>
         <run_address>0x13acc</run_address>
         <size>0x188</size>
         <input_file_ref idref="fl-63"/>
      </object_component>
      <object_component id="oc-a3b">
         <name>.text:_SlDrvMsgWrite</name>
         <load_address>0x13c54</load_address>
         <run_address>0x13c54</run_address>
         <size>0x174</size>
         <input_file_ref idref="fl-d"/>
      </object_component>
      <object_component id="oc-bb1">
         <name>.text:_pconv_a</name>
         <load_address>0x13dc8</load_address>
         <run_address>0x13dc8</run_address>
         <size>0x170</size>
         <input_file_ref idref="fl-63"/>
      </object_component>
      <object_component id="oc-781">
         <name>.text:sl_Accept</name>
         <load_address>0x13f38</load_address>
         <run_address>0x13f38</run_address>
         <size>0x168</size>
         <input_file_ref idref="fl-13"/>
      </object_component>
      <object_component id="oc-b25">
         <name>.text:_SlFindAndSetActiveObj</name>
         <load_address>0x140a0</load_address>
         <run_address>0x140a0</run_address>
         <size>0x150</size>
         <input_file_ref idref="fl-d"/>
      </object_component>
      <object_component id="oc-b49">
         <name>.text:_pproc_diouxp</name>
         <load_address>0x141f0</load_address>
         <run_address>0x141f0</run_address>
         <size>0x148</size>
         <input_file_ref idref="fl-63"/>
      </object_component>
      <object_component id="oc-b87">
         <name>.text:_ltostr</name>
         <load_address>0x14338</load_address>
         <run_address>0x14338</run_address>
         <size>0x12a</size>
         <input_file_ref idref="fl-63"/>
      </object_component>
      <object_component id="oc-93b">
         <name>.text:_SlDrvDataWriteOp</name>
         <load_address>0x14462</load_address>
         <run_address>0x14462</run_address>
         <size>0x124</size>
         <input_file_ref idref="fl-d"/>
      </object_component>
      <object_component id="oc-bd4">
         <name>.text:SimpleLinkNetAppEventHandler</name>
         <load_address>0x14586</load_address>
         <run_address>0x14586</run_address>
         <size>0xfc</size>
         <input_file_ref idref="fl-7"/>
      </object_component>
      <object_component id="oc-b9f">
         <name>.text:_pconv_g</name>
         <load_address>0x14682</load_address>
         <run_address>0x14682</run_address>
         <size>0xfc</size>
         <input_file_ref idref="fl-63"/>
      </object_component>
      <object_component id="oc-aec">
         <name>.text:_pproc_fwp</name>
         <load_address>0x1477e</load_address>
         <run_address>0x1477e</run_address>
         <size>0xfa</size>
         <input_file_ref idref="fl-63"/>
      </object_component>
      <object_component id="oc-b6c">
         <name>.text:_SlDrvNetAppEventHandler</name>
         <load_address>0x14878</load_address>
         <run_address>0x14878</run_address>
         <size>0xf2</size>
         <input_file_ref idref="fl-10"/>
      </object_component>
      <object_component id="oc-a41">
         <name>.text:_SlDrvMsgReadCmdCtx</name>
         <load_address>0x1496a</load_address>
         <run_address>0x1496a</run_address>
         <size>0xf0</size>
         <input_file_ref idref="fl-d"/>
      </object_component>
      <object_component id="oc-bc8">
         <name>.text:SimpleLinkWlanEventHandler</name>
         <load_address>0x14a5a</load_address>
         <run_address>0x14a5a</run_address>
         <size>0xdc</size>
         <input_file_ref idref="fl-7"/>
      </object_component>
      <object_component id="oc-bb7">
         <name>.text:__mspabi_cmpd</name>
         <load_address>0x14b36</load_address>
         <run_address>0x14b36</run_address>
         <size>0xd8</size>
         <input_file_ref idref="fl-64"/>
      </object_component>
      <object_component id="oc-983">
         <name>.text:_SlDrvDriverCBDeinit</name>
         <load_address>0x14c0e</load_address>
         <run_address>0x14c0e</run_address>
         <size>0xcc</size>
         <input_file_ref idref="fl-d"/>
      </object_component>
      <object_component id="oc-79c">
         <name>.text:sl_Send</name>
         <load_address>0x14cda</load_address>
         <run_address>0x14cda</run_address>
         <size>0xca</size>
         <input_file_ref idref="fl-13"/>
      </object_component>
      <object_component id="oc-748">
         <name>.text:sl_Start</name>
         <load_address>0x14da4</load_address>
         <run_address>0x14da4</run_address>
         <size>0xca</size>
         <input_file_ref idref="fl-c"/>
      </object_component>
      <object_component id="oc-735">
         <name>.text:init_sensors</name>
         <load_address>0x14e6e</load_address>
         <run_address>0x14e6e</run_address>
         <size>0xc2</size>
         <input_file_ref idref="fl-6"/>
      </object_component>
      <object_component id="oc-9b0">
         <name>.text:sl_NetAppMDNSRegisterUnregisterService</name>
         <load_address>0x14f30</load_address>
         <run_address>0x14f30</run_address>
         <size>0xbe</size>
         <input_file_ref idref="fl-10"/>
      </object_component>
      <object_component id="oc-a1a">
         <name>.text:_SlRemoveFromList</name>
         <load_address>0x14fee</load_address>
         <run_address>0x14fee</run_address>
         <size>0xbc</size>
         <input_file_ref idref="fl-d"/>
      </object_component>
      <object_component id="oc-be3">
         <name>.text:_sl_HandleAsync_DnsGetHostByService</name>
         <load_address>0x150aa</load_address>
         <run_address>0x150aa</run_address>
         <size>0xba</size>
         <input_file_ref idref="fl-10"/>
      </object_component>
      <object_component id="oc-d6c">
         <name>.text:__TI_renormd</name>
         <load_address>0x15164</load_address>
         <run_address>0x15164</run_address>
         <size>0xb2</size>
         <input_file_ref idref="fl-77"/>
      </object_component>
      <object_component id="oc-827">
         <name>.text:sl_Stop</name>
         <load_address>0x15216</load_address>
         <run_address>0x15216</run_address>
         <size>0xac</size>
         <input_file_ref idref="fl-c"/>
      </object_component>
      <object_component id="oc-be9">
         <name>.text:_sl_HandleAsync_DnsGetHostByName</name>
         <load_address>0x152c2</load_address>
         <run_address>0x152c2</run_address>
         <size>0xaa</size>
         <input_file_ref idref="fl-10"/>
      </object_component>
      <object_component id="oc-8ba">
         <name>.text:_SlDrvCmdOp</name>
         <load_address>0x1536c</load_address>
         <run_address>0x1536c</run_address>
         <size>0xa8</size>
         <input_file_ref idref="fl-d"/>
      </object_component>
      <object_component id="oc-82d">
         <name>.text:sl_DevGet</name>
         <load_address>0x15414</load_address>
         <run_address>0x15414</run_address>
         <size>0xa8</size>
         <input_file_ref idref="fl-c"/>
      </object_component>
      <object_component id="oc-af8">
         <name>.text:_pproc_str</name>
         <load_address>0x154bc</load_address>
         <run_address>0x154bc</run_address>
         <size>0xa6</size>
         <input_file_ref idref="fl-63"/>
      </object_component>
      <object_component id="oc-c63">
         <name>.text:frexp</name>
         <load_address>0x15562</load_address>
         <run_address>0x15562</run_address>
         <size>0xa6</size>
         <input_file_ref idref="fl-7b"/>
      </object_component>
      <object_component id="oc-877">
         <name>.text:spi_Open</name>
         <load_address>0x15608</load_address>
         <run_address>0x15608</run_address>
         <size>0xa2</size>
         <input_file_ref idref="fl-8"/>
      </object_component>
      <object_component id="oc-b66">
         <name>.text:_sl_HandleAsync_PingResponse</name>
         <load_address>0x156aa</load_address>
         <run_address>0x156aa</run_address>
         <size>0xa0</size>
         <input_file_ref idref="fl-10"/>
      </object_component>
      <object_component id="oc-cba">
         <name>.text:__mspabi_fltlid</name>
         <load_address>0x1574a</load_address>
         <run_address>0x1574a</run_address>
         <size>0x9e</size>
         <input_file_ref idref="fl-6c"/>
      </object_component>
      <object_component id="oc-a13">
         <name>.text:_SlDriverHandleError</name>
         <load_address>0x157e8</load_address>
         <run_address>0x157e8</run_address>
         <size>0x98</size>
         <input_file_ref idref="fl-d"/>
      </object_component>
      <object_component id="oc-ac8">
         <name>.text:_SlAsyncEventGenericHandler</name>
         <load_address>0x15880</load_address>
         <run_address>0x15880</run_address>
         <size>0x96</size>
         <input_file_ref idref="fl-d"/>
      </object_component>
      <object_component id="oc-c78">
         <name>.text:_sl_HandleAsync_InitComplete</name>
         <load_address>0x15916</load_address>
         <run_address>0x15916</run_address>
         <size>0x94</size>
         <input_file_ref idref="fl-c"/>
      </object_component>
      <object_component id="oc-c02">
         <name>.text:_sl_HandleAsync_Connect</name>
         <load_address>0x159aa</load_address>
         <run_address>0x159aa</run_address>
         <size>0x92</size>
         <input_file_ref idref="fl-13"/>
      </object_component>
      <object_component id="oc-c3c">
         <name>.text:_ecpy</name>
         <load_address>0x15a3c</load_address>
         <run_address>0x15a3c</run_address>
         <size>0x90</size>
         <input_file_ref idref="fl-63"/>
      </object_component>
      <object_component id="oc-c42">
         <name>.text:_mcpy</name>
         <load_address>0x15acc</load_address>
         <run_address>0x15acc</run_address>
         <size>0x90</size>
         <input_file_ref idref="fl-63"/>
      </object_component>
      <object_component id="oc-a04">
         <name>.text:_SlDrvMsgReadSpawnCtx</name>
         <load_address>0x15b5c</load_address>
         <run_address>0x15b5c</run_address>
         <size>0x82</size>
         <input_file_ref idref="fl-d"/>
      </object_component>
      <object_component id="oc-69f">
         <name>.text:_auto_init_hold_wdt</name>
         <load_address>0x15bde</load_address>
         <run_address>0x15bde</run_address>
         <size>0x82</size>
         <input_file_ref idref="fl-57"/>
      </object_component>
      <object_component id="oc-bc2">
         <name>.text:_SlDrvDeviceEventHandler</name>
         <load_address>0x15c60</load_address>
         <run_address>0x15c60</run_address>
         <size>0x80</size>
         <input_file_ref idref="fl-c"/>
      </object_component>
      <object_component id="oc-cb4">
         <name>.text:ltoa</name>
         <load_address>0x15ce0</load_address>
         <run_address>0x15ce0</run_address>
         <size>0x80</size>
         <input_file_ref idref="fl-7f"/>
      </object_component>
      <object_component id="oc-ba5">
         <name>.text:_pconv_f</name>
         <load_address>0x15d60</load_address>
         <run_address>0x15d60</run_address>
         <size>0x78</size>
         <input_file_ref idref="fl-63"/>
      </object_component>
      <object_component id="oc-7a">
         <name>.text:decompress:lzss:__TI_decompress_lzss</name>
         <load_address>0x15dd8</load_address>
         <run_address>0x15dd8</run_address>
         <size>0x78</size>
         <input_file_ref idref="fl-3c"/>
      </object_component>
      <object_component id="oc-845">
         <name>.text:sl_NetCfgSet</name>
         <load_address>0x15e50</load_address>
         <run_address>0x15e50</run_address>
         <size>0x78</size>
         <input_file_ref idref="fl-11"/>
      </object_component>
      <object_component id="oc-775">
         <name>.text:sl_Bind</name>
         <load_address>0x15ec8</load_address>
         <run_address>0x15ec8</run_address>
         <size>0x76</size>
         <input_file_ref idref="fl-13"/>
      </object_component>
      <object_component id="oc-b19">
         <name>.text:_SlDrvClassifyRxMsg</name>
         <load_address>0x15f3e</load_address>
         <run_address>0x15f3e</run_address>
         <size>0x74</size>
         <input_file_ref idref="fl-d"/>
      </object_component>
      <object_component id="oc-bfc">
         <name>.text:_sl_HandleAsync_Accept</name>
         <load_address>0x15fb2</load_address>
         <run_address>0x15fb2</run_address>
         <size>0x74</size>
         <input_file_ref idref="fl-13"/>
      </object_component>
      <object_component id="oc-9d3">
         <name>.text:_SlNonOsSemGet</name>
         <load_address>0x16026</load_address>
         <run_address>0x16026</run_address>
         <size>0x6a</size>
         <input_file_ref idref="fl-12"/>
      </object_component>
      <object_component id="oc-cae">
         <name>.text:__mspabi_fixdli</name>
         <load_address>0x16090</load_address>
         <run_address>0x16090</run_address>
         <size>0x66</size>
         <input_file_ref idref="fl-6a"/>
      </object_component>
      <object_component id="oc-6f3">
         <name>.text:copy_in</name>
         <load_address>0x160f6</load_address>
         <run_address>0x160f6</run_address>
         <size>0x66</size>
         <input_file_ref idref="fl-5f"/>
      </object_component>
      <object_component id="oc-c90">
         <name>.text:_SlDrvCmdSend</name>
         <load_address>0x1615c</load_address>
         <run_address>0x1615c</run_address>
         <size>0x62</size>
         <input_file_ref idref="fl-d"/>
      </object_component>
      <object_component id="oc-b41">
         <name>.text:atoi</name>
         <load_address>0x161be</load_address>
         <run_address>0x161be</run_address>
         <size>0x62</size>
         <input_file_ref idref="fl-79"/>
      </object_component>
      <object_component id="oc-787">
         <name>.text:sl_Recv</name>
         <load_address>0x16220</load_address>
         <run_address>0x16220</run_address>
         <size>0x60</size>
         <input_file_ref idref="fl-13"/>
      </object_component>
      <object_component id="oc-c08">
         <name>.text:_sl_HandleAsync_Select</name>
         <load_address>0x16280</load_address>
         <run_address>0x16280</run_address>
         <size>0x5e</size>
         <input_file_ref idref="fl-13"/>
      </object_component>
      <object_component id="oc-84b">
         <name>.text:sl_WlanSet</name>
         <load_address>0x162de</load_address>
         <run_address>0x162de</run_address>
         <size>0x5e</size>
         <input_file_ref idref="fl-15"/>
      </object_component>
      <object_component id="oc-c0e">
         <name>.text:_sl_HandleAsync_Stop</name>
         <load_address>0x1633c</load_address>
         <run_address>0x1633c</run_address>
         <size>0x5c</size>
         <input_file_ref idref="fl-c"/>
      </object_component>
      <object_component id="oc-bf5">
         <name>.text:_sl_NetAppSendTokenValue</name>
         <load_address>0x16398</load_address>
         <run_address>0x16398</run_address>
         <size>0x5a</size>
         <input_file_ref idref="fl-10"/>
      </object_component>
      <object_component id="oc-80c">
         <name>.text</name>
         <load_address>0x163f2</load_address>
         <run_address>0x163f2</run_address>
         <size>0x58</size>
         <input_file_ref idref="fl-4a"/>
      </object_component>
      <object_component id="oc-833">
         <name>.text:sl_WlanPolicySet</name>
         <load_address>0x1644a</load_address>
         <run_address>0x1644a</run_address>
         <size>0x56</size>
         <input_file_ref idref="fl-15"/>
      </object_component>
      <object_component id="oc-800">
         <name>.text:UARTwrite</name>
         <load_address>0x164a0</load_address>
         <run_address>0x164a0</run_address>
         <size>0x50</size>
         <input_file_ref idref="fl-a"/>
      </object_component>
      <object_component id="oc-c4f">
         <name>.text:_fcpy</name>
         <load_address>0x164f0</load_address>
         <run_address>0x164f0</run_address>
         <size>0x4e</size>
         <input_file_ref idref="fl-63"/>
      </object_component>
      <object_component id="oc-85d">
         <name>.text:sl_WlanRxFilterSet</name>
         <load_address>0x1653e</load_address>
         <run_address>0x1653e</run_address>
         <size>0x4e</size>
         <input_file_ref idref="fl-15"/>
      </object_component>
      <object_component id="oc-75a">
         <name>.text:_SlNonOsMainLoopTask</name>
         <load_address>0x1658c</load_address>
         <run_address>0x1658c</run_address>
         <size>0x4c</size>
         <input_file_ref idref="fl-12"/>
      </object_component>
      <object_component id="oc-89e">
         <name>.text:_SlDrvSyncObjWaitTimeout</name>
         <load_address>0x165d8</load_address>
         <run_address>0x165d8</run_address>
         <size>0x46</size>
         <input_file_ref idref="fl-d"/>
      </object_component>
      <object_component id="oc-a0a">
         <name>.text:_SlNonOsSpawn</name>
         <load_address>0x1661e</load_address>
         <run_address>0x1661e</run_address>
         <size>0x44</size>
         <input_file_ref idref="fl-12"/>
      </object_component>
      <object_component id="oc-8fb">
         <name>.text:_sl_BuildAddress</name>
         <load_address>0x16662</load_address>
         <run_address>0x16662</run_address>
         <size>0x44</size>
         <input_file_ref idref="fl-13"/>
      </object_component>
      <object_component id="oc-926">
         <name>.text:sprintf</name>
         <load_address>0x166a6</load_address>
         <run_address>0x166a6</run_address>
         <size>0x44</size>
         <input_file_ref idref="fl-62"/>
      </object_component>
      <object_component id="oc-729">
         <name>.text:CLI_Configure</name>
         <load_address>0x166ea</load_address>
         <run_address>0x166ea</run_address>
         <size>0x42</size>
         <input_file_ref idref="fl-3"/>
      </object_component>
      <object_component id="oc-bce">
         <name>.text:SimpleLinkSockEventHandler</name>
         <load_address>0x1672c</load_address>
         <run_address>0x1672c</run_address>
         <size>0x40</size>
         <input_file_ref idref="fl-7"/>
      </object_component>
      <object_component id="oc-d11">
         <name>.text</name>
         <load_address>0x1676c</load_address>
         <run_address>0x1676c</run_address>
         <size>0x40</size>
         <input_file_ref idref="fl-80"/>
      </object_component>
      <object_component id="oc-76f">
         <name>.text:sl_Socket</name>
         <load_address>0x167ac</load_address>
         <run_address>0x167ac</run_address>
         <size>0x40</size>
         <input_file_ref idref="fl-13"/>
      </object_component>
      <object_component id="oc-d28">
         <name>.text:l_asr_const</name>
         <load_address>0x167ec</load_address>
         <run_address>0x167ec</run_address>
         <size>0x3e</size>
         <input_file_ref idref="fl-72"/>
      </object_component>
      <object_component id="oc-d0b">
         <name>.text:l_lsl_const</name>
         <load_address>0x1682a</load_address>
         <run_address>0x1682a</run_address>
         <size>0x3e</size>
         <input_file_ref idref="fl-70"/>
      </object_component>
      <object_component id="oc-d18">
         <name>.text:l_lsr_const</name>
         <load_address>0x16868</load_address>
         <run_address>0x16868</run_address>
         <size>0x3e</size>
         <input_file_ref idref="fl-54"/>
      </object_component>
      <object_component id="oc-b1f">
         <name>.text:spi_Read</name>
         <load_address>0x168a6</load_address>
         <run_address>0x168a6</run_address>
         <size>0x3e</size>
         <input_file_ref idref="fl-8"/>
      </object_component>
      <object_component id="oc-880">
         <name>.text:_SlDrvProtectAsyncRespSetting</name>
         <load_address>0x168e4</load_address>
         <run_address>0x168e4</run_address>
         <size>0x3c</size>
         <input_file_ref idref="fl-d"/>
      </object_component>
      <object_component id="oc-88c">
         <name>.text:_SlDrvRxIrqHandler</name>
         <load_address>0x16920</load_address>
         <run_address>0x16920</run_address>
         <size>0x3c</size>
         <input_file_ref idref="fl-d"/>
      </object_component>
      <object_component id="oc-c9d">
         <name>.text:__mspabi_sllll</name>
         <load_address>0x1695c</load_address>
         <run_address>0x1695c</run_address>
         <size>0x3a</size>
         <input_file_ref idref="fl-71"/>
      </object_component>
      <object_component id="oc-c27">
         <name>.text:__mspabi_srlll</name>
         <load_address>0x16996</load_address>
         <run_address>0x16996</run_address>
         <size>0x3a</size>
         <input_file_ref idref="fl-73"/>
      </object_component>
      <object_component id="oc-851">
         <name>.text:sl_NetAppMDNSUnRegisterService</name>
         <load_address>0x169d0</load_address>
         <run_address>0x169d0</run_address>
         <size>0x3a</size>
         <input_file_ref idref="fl-10"/>
      </object_component>
      <object_component id="oc-bdc">
         <name>.text:CopyPingResultsToReport</name>
         <load_address>0x16a0a</load_address>
         <run_address>0x16a0a</run_address>
         <size>0x38</size>
         <input_file_ref idref="fl-10"/>
      </object_component>
      <object_component id="oc-99b">
         <name>.text:_SlDrvBasicCmd</name>
         <load_address>0x16a42</load_address>
         <run_address>0x16a42</run_address>
         <size>0x38</size>
         <input_file_ref idref="fl-d"/>
      </object_component>
      <object_component id="oc-78d">
         <name>.text:sensors_get_data</name>
         <load_address>0x16a7a</load_address>
         <run_address>0x16a7a</run_address>
         <size>0x38</size>
         <input_file_ref idref="fl-6"/>
      </object_component>
      <object_component id="oc-7a8">
         <name>.text:blink_led</name>
         <load_address>0x16ab2</load_address>
         <run_address>0x16ab2</run_address>
         <size>0x36</size>
         <input_file_ref idref="fl-4"/>
      </object_component>
      <object_component id="oc-946">
         <name>.text:soft_delay</name>
         <load_address>0x16ae8</load_address>
         <run_address>0x16ae8</run_address>
         <size>0x34</size>
         <input_file_ref idref="fl-4"/>
      </object_component>
      <object_component id="oc-cc0">
         <name>.text:__mspabi_subd</name>
         <load_address>0x16b1c</load_address>
         <run_address>0x16b1c</run_address>
         <size>0x32</size>
         <input_file_ref idref="fl-74"/>
      </object_component>
      <object_component id="oc-72f">
         <name>.text:init_leds</name>
         <load_address>0x16b4e</load_address>
         <run_address>0x16b4e</run_address>
         <size>0x32</size>
         <input_file_ref idref="fl-4"/>
      </object_component>
      <object_component id="oc-ae0">
         <name>.text:spi_Write</name>
         <load_address>0x16b80</load_address>
         <run_address>0x16b80</run_address>
         <size>0x32</size>
         <input_file_ref idref="fl-8"/>
      </object_component>
      <object_component id="oc-b37">
         <name>.text:CLI_Write</name>
         <load_address>0x16bb2</load_address>
         <run_address>0x16bb2</run_address>
         <size>0x30</size>
         <input_file_ref idref="fl-3"/>
      </object_component>
      <object_component id="oc-77b">
         <name>.text:sl_Listen</name>
         <load_address>0x16be2</load_address>
         <run_address>0x16be2</run_address>
         <size>0x30</size>
         <input_file_ref idref="fl-13"/>
      </object_component>
      <object_component id="oc-74e">
         <name>.text:sl_NetAppStop</name>
         <load_address>0x16c12</load_address>
         <run_address>0x16c12</run_address>
         <size>0x30</size>
         <input_file_ref idref="fl-10"/>
      </object_component>
      <object_component id="oc-a2f">
         <name>.text:_SlDrvObjGlobalLockWaitForever</name>
         <load_address>0x16c42</load_address>
         <run_address>0x16c42</run_address>
         <size>0x2e</size>
         <input_file_ref idref="fl-d"/>
      </object_component>
      <object_component id="oc-b99">
         <name>.text:__mspabi_negd</name>
         <load_address>0x16c70</load_address>
         <run_address>0x16c70</run_address>
         <size>0x2e</size>
         <input_file_ref idref="fl-6f"/>
      </object_component>
      <object_component id="oc-d3a">
         <name>.text:copysign</name>
         <load_address>0x16c9e</load_address>
         <run_address>0x16c9e</run_address>
         <size>0x2e</size>
         <input_file_ref idref="fl-7d"/>
      </object_component>
      <object_component id="oc-763">
         <name>.text:set_led</name>
         <load_address>0x16ccc</load_address>
         <run_address>0x16ccc</run_address>
         <size>0x2e</size>
         <input_file_ref idref="fl-4"/>
      </object_component>
      <object_component id="oc-7a2">
         <name>.text:sl_Close</name>
         <load_address>0x16cfa</load_address>
         <run_address>0x16cfa</run_address>
         <size>0x2c</size>
         <input_file_ref idref="fl-13"/>
      </object_component>
      <object_component id="oc-769">
         <name>.text:sl_Htons</name>
         <load_address>0x16d26</load_address>
         <run_address>0x16d26</run_address>
         <size>0x2c</size>
         <input_file_ref idref="fl-13"/>
      </object_component>
      <object_component id="oc-839">
         <name>.text:sl_WlanProfileDel</name>
         <load_address>0x16d52</load_address>
         <run_address>0x16d52</run_address>
         <size>0x2c</size>
         <input_file_ref idref="fl-15"/>
      </object_component>
      <object_component id="oc-821">
         <name>.text:sl_WlanSetMode</name>
         <load_address>0x16d7e</load_address>
         <run_address>0x16d7e</run_address>
         <size>0x2c</size>
         <input_file_ref idref="fl-15"/>
      </object_component>
      <object_component id="oc-9f0">
         <name>.text:_SlDrvProtectionObjLockWaitForever</name>
         <load_address>0x16daa</load_address>
         <run_address>0x16daa</run_address>
         <size>0x2a</size>
         <input_file_ref idref="fl-d"/>
      </object_component>
      <object_component id="oc-90e">
         <name>.text:_SlDrvSyncObjWaitForever</name>
         <load_address>0x16dd4</load_address>
         <run_address>0x16dd4</run_address>
         <size>0x28</size>
         <input_file_ref idref="fl-d"/>
      </object_component>
      <object_component id="oc-6b2">
         <name>.text:__mpu_init</name>
         <load_address>0x16dfc</load_address>
         <run_address>0x16dfc</run_address>
         <size>0x28</size>
         <input_file_ref idref="fl-59"/>
      </object_component>
      <object_component id="oc-cc6">
         <name>.text:__mspabi_fixdi</name>
         <load_address>0x16e24</load_address>
         <run_address>0x16e24</run_address>
         <size>0x28</size>
         <input_file_ref idref="fl-69"/>
      </object_component>
      <object_component id="oc-a2">
         <name>.text:decompress:ZI:__TI_zero_init</name>
         <load_address>0x16e4c</load_address>
         <run_address>0x16e4c</run_address>
         <size>0x24</size>
         <input_file_ref idref="fl-49"/>
      </object_component>
      <object_component id="oc-806">
         <name>.text</name>
         <load_address>0x16e70</load_address>
         <run_address>0x16e70</run_address>
         <size>0x24</size>
         <input_file_ref idref="fl-4e"/>
      </object_component>
      <object_component id="oc-723">
         <name>.text:initClk</name>
         <load_address>0x16e94</load_address>
         <run_address>0x16e94</run_address>
         <size>0x22</size>
         <input_file_ref idref="fl-2"/>
      </object_component>
      <object_component id="oc-9da">
         <name>.text:Delay</name>
         <load_address>0x16eb6</load_address>
         <run_address>0x16eb6</run_address>
         <size>0x20</size>
         <input_file_ref idref="fl-2"/>
      </object_component>
      <object_component id="oc-a5f">
         <name>.text:_SlDrvObjLockWaitForever</name>
         <load_address>0x16ed6</load_address>
         <run_address>0x16ed6</run_address>
         <size>0x20</size>
         <input_file_ref idref="fl-d"/>
      </object_component>
      <object_component id="oc-a6c">
         <name>.text:_outs</name>
         <load_address>0x16ef6</load_address>
         <run_address>0x16ef6</run_address>
         <size>0x20</size>
         <input_file_ref idref="fl-62"/>
      </object_component>
      <object_component id="oc-b55">
         <name>.text:memccpy</name>
         <load_address>0x16f16</load_address>
         <run_address>0x16f16</run_address>
         <size>0x1e</size>
         <input_file_ref idref="fl-81"/>
      </object_component>
      <object_component id="oc-932">
         <name>.text:_sl_TruncatePayloadByProtocol</name>
         <load_address>0x16f34</load_address>
         <run_address>0x16f34</run_address>
         <size>0x1c</size>
         <input_file_ref idref="fl-13"/>
      </object_component>
      <object_component id="oc-cf4">
         <name>.text:strchr</name>
         <load_address>0x16f50</load_address>
         <run_address>0x16f50</run_address>
         <size>0x1c</size>
         <input_file_ref idref="fl-82"/>
      </object_component>
      <object_component id="oc-9f6">
         <name>.text:_SlDrvProtectionObjUnLock</name>
         <load_address>0x16f6c</load_address>
         <run_address>0x16f6c</run_address>
         <size>0x1a</size>
         <input_file_ref idref="fl-d"/>
      </object_component>
      <object_component id="oc-a35">
         <name>.text:_SlDrvGlobalObjUnLock</name>
         <load_address>0x16f86</load_address>
         <run_address>0x16f86</run_address>
         <size>0x18</size>
         <input_file_ref idref="fl-d"/>
      </object_component>
      <object_component id="oc-7ca">
         <name>.text</name>
         <load_address>0x16f9e</load_address>
         <run_address>0x16f9e</run_address>
         <size>0x18</size>
         <input_file_ref idref="fl-4c"/>
      </object_component>
      <object_component id="oc-857">
         <name>.text:memset</name>
         <load_address>0x16fb6</load_address>
         <run_address>0x16fb6</run_address>
         <size>0x16</size>
         <input_file_ref idref="fl-61"/>
      </object_component>
      <object_component id="oc-c22">
         <name>.text</name>
         <load_address>0x16fcc</load_address>
         <run_address>0x16fcc</run_address>
         <size>0x16</size>
         <input_file_ref idref="fl-67"/>
      </object_component>
      <object_component id="oc-83f">
         <name>.text:sl_WlanDisconnect</name>
         <load_address>0x16fe2</load_address>
         <run_address>0x16fe2</run_address>
         <size>0x16</size>
         <input_file_ref idref="fl-15"/>
      </object_component>
      <object_component id="oc-a72">
         <name>.text:_outc</name>
         <load_address>0x16ff8</load_address>
         <run_address>0x16ff8</run_address>
         <size>0x14</size>
         <input_file_ref idref="fl-62"/>
      </object_component>
      <object_component id="oc-66e">
         <name>.text:memcpy</name>
         <load_address>0x1700c</load_address>
         <run_address>0x1700c</run_address>
         <size>0x14</size>
         <input_file_ref idref="fl-60"/>
      </object_component>
      <object_component id="oc-80">
         <name>.text:decompress:none:__TI_decompress_none</name>
         <load_address>0x17020</load_address>
         <run_address>0x17020</run_address>
         <size>0x12</size>
         <input_file_ref idref="fl-3d"/>
      </object_component>
      <object_component id="oc-c80">
         <name>.text:strcpy</name>
         <load_address>0x17032</load_address>
         <run_address>0x17032</run_address>
         <size>0x12</size>
         <input_file_ref idref="fl-83"/>
      </object_component>
      <object_component id="oc-b93">
         <name>.text:toupper</name>
         <load_address>0x17044</load_address>
         <run_address>0x17044</run_address>
         <size>0x12</size>
         <input_file_ref idref="fl-85"/>
      </object_component>
      <object_component id="oc-a65">
         <name>.text:_SlDrvObjUnLock</name>
         <load_address>0x17056</load_address>
         <run_address>0x17056</run_address>
         <size>0x10</size>
         <input_file_ref idref="fl-d"/>
      </object_component>
      <object_component id="oc-a20">
         <name>.text:_SlDrvSyncObjSignal</name>
         <load_address>0x17066</load_address>
         <run_address>0x17066</run_address>
         <size>0x10</size>
         <input_file_ref idref="fl-d"/>
      </object_component>
      <object_component id="oc-d67">
         <name>.text:l_asr</name>
         <load_address>0x17076</load_address>
         <run_address>0x17076</run_address>
         <size>0x10</size>
         <input_file_ref idref="fl-72"/>
      </object_component>
      <object_component id="oc-d62">
         <name>.text:l_lsl</name>
         <load_address>0x17086</load_address>
         <run_address>0x17086</run_address>
         <size>0x10</size>
         <input_file_ref idref="fl-70"/>
      </object_component>
      <object_component id="oc-ca3">
         <name>.text:l_lsr</name>
         <load_address>0x17096</load_address>
         <run_address>0x17096</run_address>
         <size>0x10</size>
         <input_file_ref idref="fl-54"/>
      </object_component>
      <object_component id="oc-9e0">
         <name>.text:CC3100_InterruptEnable</name>
         <load_address>0x170a6</load_address>
         <run_address>0x170a6</run_address>
         <size>0xe</size>
         <input_file_ref idref="fl-2"/>
      </object_component>
      <object_component id="oc-963">
         <name>.text:UARTCharPut</name>
         <load_address>0x170b4</load_address>
         <run_address>0x170b4</run_address>
         <size>0xe</size>
         <input_file_ref idref="fl-9"/>
      </object_component>
      <object_component id="oc-8aa">
         <name>.text:_sl_GetStartResponseConvert</name>
         <load_address>0x170c2</load_address>
         <run_address>0x170c2</run_address>
         <size>0xe</size>
         <input_file_ref idref="fl-c"/>
      </object_component>
      <object_component id="oc-796">
         <name>.text:strlen</name>
         <load_address>0x170d0</load_address>
         <run_address>0x170d0</run_address>
         <size>0xe</size>
         <input_file_ref idref="fl-84"/>
      </object_component>
      <object_component id="oc-cfa">
         <name>.text:__mspabi_fltid</name>
         <load_address>0x170de</load_address>
         <run_address>0x170de</run_address>
         <size>0xc</size>
         <input_file_ref idref="fl-6b"/>
      </object_component>
      <object_component id="oc-a98">
         <name>.text:CC3100_InterruptDisable</name>
         <load_address>0x170ea</load_address>
         <run_address>0x170ea</run_address>
         <size>0xa</size>
         <input_file_ref idref="fl-2"/>
      </object_component>
      <object_component id="oc-ad0">
         <name>.text:SimpleLinkGeneralEventHandler</name>
         <load_address>0x170f4</load_address>
         <run_address>0x170f4</run_address>
         <size>0xa</size>
         <input_file_ref idref="fl-7"/>
      </object_component>
      <object_component id="oc-bef">
         <name>.text:SimpleLinkHttpServerCallback</name>
         <load_address>0x170fe</load_address>
         <run_address>0x170fe</run_address>
         <size>0xa</size>
         <input_file_ref idref="fl-7"/>
      </object_component>
      <object_component id="oc-8cc">
         <name>.text:_SlDrvMemZero</name>
         <load_address>0x17108</load_address>
         <run_address>0x17108</run_address>
         <size>0xa</size>
         <input_file_ref idref="fl-d"/>
      </object_component>
      <object_component id="oc-915">
         <name>.text:_SlDrvResetCmdExt</name>
         <load_address>0x17112</load_address>
         <run_address>0x17112</run_address>
         <size>0xa</size>
         <input_file_ref idref="fl-d"/>
      </object_component>
      <object_component id="oc-ccd">
         <name>.text:abs</name>
         <load_address>0x1711c</load_address>
         <run_address>0x1711c</run_address>
         <size>0xa</size>
         <input_file_ref idref="fl-78"/>
      </object_component>
      <object_component id="oc-909">
         <name>.text</name>
         <load_address>0x17126</load_address>
         <run_address>0x17126</run_address>
         <size>0xa</size>
         <input_file_ref idref="fl-52"/>
      </object_component>
      <object_component id="oc-9cd">
         <name>.text:_SlNonOsSemSet</name>
         <load_address>0x17130</load_address>
         <run_address>0x17130</run_address>
         <size>0x8</size>
         <input_file_ref idref="fl-12"/>
      </object_component>
      <object_component id="oc-892">
         <name>.text:registerInterruptHandler</name>
         <load_address>0x17138</load_address>
         <run_address>0x17138</run_address>
         <size>0x8</size>
         <input_file_ref idref="fl-2"/>
      </object_component>
      <object_component id="oc-97d">
         <name>.text:spi_Close</name>
         <load_address>0x17140</load_address>
         <run_address>0x17140</run_address>
         <size>0x8</size>
         <input_file_ref idref="fl-8"/>
      </object_component>
      <object_component id="oc-71d">
         <name>.text:stopWDT</name>
         <load_address>0x17148</load_address>
         <run_address>0x17148</run_address>
         <size>0x8</size>
         <input_file_ref idref="fl-2"/>
      </object_component>
      <object_component id="oc-886">
         <name>.text:CC3100_disable</name>
         <load_address>0x17150</load_address>
         <run_address>0x17150</run_address>
         <size>0x6</size>
         <input_file_ref idref="fl-2"/>
      </object_component>
      <object_component id="oc-898">
         <name>.text:CC3100_enable</name>
         <load_address>0x17156</load_address>
         <run_address>0x17156</run_address>
         <size>0x6</size>
         <input_file_ref idref="fl-2"/>
      </object_component>
      <object_component id="oc-9fe">
         <name>.text:MaskIntHdlr</name>
         <load_address>0x1715c</load_address>
         <run_address>0x1715c</run_address>
         <size>0x6</size>
         <input_file_ref idref="fl-2"/>
      </object_component>
      <object_component id="oc-b2b">
         <name>.text:UnMaskIntHdlr</name>
         <load_address>0x17162</load_address>
         <run_address>0x17162</run_address>
         <size>0x6</size>
         <input_file_ref idref="fl-2"/>
      </object_component>
      <object_component id="oc-6c1">
         <name>.text:abort</name>
         <load_address>0x17168</load_address>
         <run_address>0x17168</run_address>
         <size>0x6</size>
         <input_file_ref idref="fl-5c"/>
      </object_component>
      <object_component id="oc-699">
         <name>.text:_system_pre_init</name>
         <load_address>0x1716e</load_address>
         <run_address>0x1716e</run_address>
         <size>0x4</size>
         <input_file_ref idref="fl-5b"/>
      </object_component>
      <object_component id="oc-6f9">
         <name>.text:_system_post_cinit</name>
         <load_address>0x17172</load_address>
         <run_address>0x17172</run_address>
         <size>0x2</size>
         <input_file_ref idref="fl-5a"/>
      </object_component>
      <object_component id="oc-9c9">
         <name>.bss:g_StatMem</name>
[...]
         <name>__TI_int27</name>
         <value>0xffc6</value>
         <object_component_ref idref="oc-86"/>
      </symbol>
      <symbol id="sm-d0b">
         <name>__TI_ISR_TRAP</name>
         <value>0x4472</value>
         <object_component_ref idref="oc-67b"/>
      </symbol>
      <symbol id="sm-d0e">
         <name>__TI_int29</name>
         <value>0xffca</value>
         <object_component_ref idref="oc-88"/>
      </symbol>
      <symbol id="sm-d11">
         <name>__TI_int30</name>
         <value>0xffcc</value>
         <object_component_ref idref="oc-89"/>
      </symbol>
      <symbol id="sm-d14">
         <name>__TI_int31</name>
         <value>0xffce</value>
         <object_component_ref idref="oc-8a"/>
      </symbol>
      <symbol id="sm-d17">
         <name>__TI_int32</name>
         <value>0xffd0</value>
         <object_component_ref idref="oc-8b"/>
      </symbol>
      <symbol id="sm-d1a">
         <name>__TI_int33</name>
         <value>0xffd2</value>
         <object_component_ref idref="oc-8c"/>
      </symbol>
      <symbol id="sm-d1d">
         <name>__TI_int37</name>
         <value>0xffda</value>
         <object_component_ref idref="oc-90"/>
      </symbol>
      <symbol id="sm-d20">
         <name>__TI_int41</name>
         <value>0xffe2</value>
         <object_component_ref idref="oc-94"/>
      </symbol>
      <symbol id="sm-d23">
         <name>__TI_int48</name>
         <value>0xfff0</value>
         <object_component_ref idref="oc-9b"/>
      </symbol>
      <symbol id="sm-d26">
         <name>__TI_int52</name>
         <value>0xfff8</value>
         <object_component_ref idref="oc-9f"/>
      </symbol>
      <symbol id="sm-d39">
         <name>__TI_zero_init</name>
         <value>0x16e4c</value>
         <object_component_ref idref="oc-a2"/>
      </symbol>
      <symbol id="sm-d47">
         <name>__mspabi_remul</name>
         <value>0x163f2</value>
         <object_component_ref idref="oc-80c"/>
      </symbol>
      <symbol id="sm-d48">
         <name>__mspabi_divul</name>
         <value>0x163f2</value>
         <object_component_ref idref="oc-80c"/>
      </symbol>
      <symbol id="sm-d51">
         <name>__mspabi_mpyi_f5hw</name>
         <value>0x16f9e</value>
         <object_component_ref idref="oc-7ca"/>
      </symbol>
      <symbol id="sm-d5a">
         <name>__mspabi_mpyl_f5hw</name>
         <value>0x16e70</value>
         <object_component_ref idref="oc-806"/>
      </symbol>
      <symbol id="sm-d66">
         <name>__mspabi_slli</name>
         <value>0x17126</value>
         <object_component_ref idref="oc-909"/>
      </symbol>
      <symbol id="sm-d77">
         <name>__mspabi_srll_8</name>
         <value>0x16884</value>
         <object_component_ref idref="oc-d18"/>
      </symbol>
      <symbol id="sm-d78">
         <name>__mspabi_srll_9</name>
         <value>0x16880</value>
         <object_component_ref idref="oc-d18"/>
      </symbol>
      <symbol id="sm-d79">
         <name>__mspabi_srll_6</name>
         <value>0x1688c</value>
         <object_component_ref idref="oc-d18"/>
      </symbol>
      <symbol id="sm-d7a">
         <name>__mspabi_srll_7</name>
         <value>0x16888</value>
         <object_component_ref idref="oc-d18"/>
      </symbol>
      <symbol id="sm-d7b">
         <name>__mspabi_srll_4</name>
         <value>0x16894</value>
         <object_component_ref idref="oc-d18"/>
      </symbol>
      <symbol id="sm-d7c">
         <name>__mspabi_srll_5</name>
         <value>0x16890</value>
         <object_component_ref idref="oc-d18"/>
      </symbol>
      <symbol id="sm-d7d">
         <name>__mspabi_srll_2</name>
         <value>0x1689c</value>
         <object_component_ref idref="oc-d18"/>
      </symbol>
      <symbol id="sm-d7e">
         <name>__mspabi_srll_3</name>
         <value>0x16898</value>
         <object_component_ref idref="oc-d18"/>
      </symbol>
      <symbol id="sm-d7f">
         <name>__mspabi_srll_1</name>
         <value>0x168a0</value>
         <object_component_ref idref="oc-d18"/>
      </symbol>
      <symbol id="sm-d80">
         <name>__mspabi_srll_15</name>
         <value>0x16868</value>
         <object_component_ref idref="oc-d18"/>
      </symbol>
      <symbol id="sm-d81">
         <name>__mspabi_srll_14</name>
         <value>0x1686c</value>
         <object_component_ref idref="oc-d18"/>
      </symbol>
      <symbol id="sm-d82">
         <name>__mspabi_srll_13</name>
         <value>0x16870</value>
         <object_component_ref idref="oc-d18"/>
      </symbol>
      <symbol id="sm-d83">
         <name>__mspabi_srll_12</name>
         <value>0x16874</value>
         <object_component_ref idref="oc-d18"/>
      </symbol>
      <symbol id="sm-d84">
         <name>__mspabi_srll_11</name>
         <value>0x16878</value>
         <object_component_ref idref="oc-d18"/>
      </symbol>
      <symbol id="sm-d85">
         <name>__mspabi_srll_10</name>
         <value>0x1687c</value>
         <object_component_ref idref="oc-d18"/>
      </symbol>
      <symbol id="sm-d86">
         <name>__mspabi_srll</name>
         <value>0x17096</value>
         <object_component_ref idref="oc-ca3"/>
      </symbol>
      <symbol id="sm-d8e">
         <name>_stack</name>
         <value>0x2360</value>
         <object_component_ref idref="oc-65f"/>
      </symbol>
      <symbol id="sm-d8f">
         <name>_reset_vector</name>
         <value>0xfffe</value>
         <object_component_ref idref="oc-662"/>
      </symbol>
      <symbol id="sm-db2">
         <name>_auto_init_hold_wdt</name>
         <value>0x15bde</value>
         <object_component_ref idref="oc-69f"/>
      </symbol>
      <symbol id="sm-dbc">
         <name>_c_int00_noargs_noexit_mpu</name>
         <value>0x443a</value>
         <object_component_ref idref="oc-c6"/>
      </symbol>
      <symbol id="sm-dc5">
         <name>__mpu_init</name>
         <value>0x16dfc</value>
         <object_component_ref idref="oc-6b2"/>
      </symbol>
      <symbol id="sm-dce">
         <name>_system_post_cinit</name>
         <value>0x17172</value>
         <object_component_ref idref="oc-6f9"/>
      </symbol>
      <symbol id="sm-dd7">
         <name>_system_pre_init</name>
         <value>0x1716e</value>
         <object_component_ref idref="oc-699"/>
      </symbol>
      <symbol id="sm-de1">
         <name>C$$EXIT</name>
         <value>0x17168</value>
         <object_component_ref idref="oc-6c1"/>
      </symbol>
      <symbol id="sm-de2">
         <name>abort</name>
         <value>0x17168</value>
         <object_component_ref idref="oc-6c1"/>
      </symbol>
      <symbol id="sm-dfa">
         <name>copy_in</name>
         <value>0x160f6</value>
         <object_component_ref idref="oc-6f3"/>
      </symbol>
      <symbol id="sm-e08">
         <name>memcpy</name>
         <value>0x1700c</value>
         <object_component_ref idref="oc-66e"/>
      </symbol>
      <symbol id="sm-e16">
         <name>memset</name>
         <value>0x16fb6</value>
         <object_component_ref idref="oc-857"/>
      </symbol>
      <symbol id="sm-e37">
         <name>sprintf</name>
         <value>0x166a6</value>
         <object_component_ref idref="oc-926"/>
      </symbol>
      <symbol id="sm-fdd">
         <name>__TI_printfi</name>
         <value>0x11eea</value>
         <object_component_ref idref="oc-a78"/>
      </symbol>
      <symbol id="sm-ffc">
         <name>__mspabi_cmpd</name>
         <value>0x14b36</value>
         <object_component_ref idref="oc-bb7"/>
      </symbol>
      <symbol id="sm-101d">
         <name>__mspabi_divd</name>
         <value>0x1234a</value>
         <object_component_ref idref="oc-c5c"/>
      </symbol>
      <symbol id="sm-1038">
         <name>__TI_frcdivd</name>
         <value>0x104bc</value>
         <object_component_ref idref="oc-cdf"/>
      </symbol>
      <symbol id="sm-1042">
         <name>__mspabi_remu</name>
         <value>0x16fcc</value>
         <object_component_ref idref="oc-c22"/>
      </symbol>
      <symbol id="sm-1043">
         <name>__mspabi_divu</name>
         <value>0x16fcc</value>
         <object_component_ref idref="oc-c22"/>
      </symbol>
      <symbol id="sm-1076">
         <name>__mspabi_divull</name>
         <value>0x10cd0</value>
         <object_component_ref idref="oc-c1c"/>
      </symbol>
      <symbol id="sm-1083">
         <name>__mspabi_fixdi</name>
         <value>0x16e24</value>
         <object_component_ref idref="oc-cc6"/>
      </symbol>
      <symbol id="sm-1092">
         <name>__mspabi_fixdli</name>
         <value>0x16090</value>
         <object_component_ref idref="oc-cae"/>
      </symbol>
      <symbol id="sm-109b">
         <name>__mspabi_fltid</name>
         <value>0x170de</value>
         <object_component_ref idref="oc-cfa"/>
      </symbol>
      <symbol id="sm-10b3">
         <name>__mspabi_fltlid</name>
         <value>0x1574a</value>
         <object_component_ref idref="oc-cba"/>
      </symbol>
      <symbol id="sm-10d4">
         <name>__mspabi_mpyd</name>
         <value>0x1157e</value>
         <object_component_ref idref="oc-c56"/>
      </symbol>
      <symbol id="sm-10e4">
         <name>__TI_frcmpyd</name>
         <value>0x112fe</value>
         <object_component_ref idref="oc-cd7"/>
      </symbol>
      <symbol id="sm-10ed">
         <name>__mspabi_negd</name>
         <value>0x16c70</value>
         <object_component_ref idref="oc-b99"/>
      </symbol>
      <symbol id="sm-10fd">
         <name>__mspabi_slll_9</name>
         <value>0x16842</value>
         <object_component_ref idref="oc-d0b"/>
      </symbol>
      <symbol id="sm-10fe">
         <name>__mspabi_slll_8</name>
         <value>0x16846</value>
         <object_component_ref idref="oc-d0b"/>
      </symbol>
      <symbol id="sm-10ff">
         <name>__mspabi_slll_7</name>
         <value>0x1684a</value>
         <object_component_ref idref="oc-d0b"/>
      </symbol>
      <symbol id="sm-1100">
         <name>__mspabi_slll_6</name>
         <value>0x1684e</value>
         <object_component_ref idref="oc-d0b"/>
      </symbol>
      <symbol id="sm-1101">
         <name>__mspabi_slll_5</name>
         <value>0x16852</value>
         <object_component_ref idref="oc-d0b"/>
      </symbol>
      <symbol id="sm-1102">
         <name>__mspabi_slll_4</name>
         <value>0x16856</value>
         <object_component_ref idref="oc-d0b"/>
      </symbol>
      <symbol id="sm-1103">
         <name>__mspabi_slll_3</name>
         <value>0x1685a</value>
         <object_component_ref idref="oc-d0b"/>
      </symbol>
      <symbol id="sm-1104">
         <name>__mspabi_slll_2</name>
         <value>0x1685e</value>
         <object_component_ref idref="oc-d0b"/>
      </symbol>
      <symbol id="sm-1105">
         <name>__mspabi_slll_1</name>
         <value>0x16862</value>
         <object_component_ref idref="oc-d0b"/>
      </symbol>
      <symbol id="sm-1106">
         <name>__mspabi_slll</name>
         <value>0x17086</value>
         <object_component_ref idref="oc-d62"/>
      </symbol>
      <symbol id="sm-1107">
         <name>__mspabi_slll_15</name>
         <value>0x1682a</value>
         <object_component_ref idref="oc-d0b"/>
      </symbol>
      <symbol id="sm-1108">
         <name>__mspabi_slll_14</name>
         <value>0x1682e</value>
         <object_component_ref idref="oc-d0b"/>
      </symbol>
      <symbol id="sm-1109">
         <name>__mspabi_slll_13</name>
         <value>0x16832</value>
         <object_component_ref idref="oc-d0b"/>
      </symbol>
      <symbol id="sm-110a">
         <name>__mspabi_slll_12</name>
         <value>0x16836</value>
         <object_component_ref idref="oc-d0b"/>
      </symbol>
      <symbol id="sm-110b">
         <name>__mspabi_slll_11</name>
         <value>0x1683a</value>
         <object_component_ref idref="oc-d0b"/>
      </symbol>
      <symbol id="sm-110c">
         <name>__mspabi_slll_10</name>
         <value>0x1683e</value>
         <object_component_ref idref="oc-d0b"/>
      </symbol>
      <symbol id="sm-1119">
         <name>__mspabi_sllll</name>
         <value>0x1695c</value>
         <object_component_ref idref="oc-c9d"/>
      </symbol>
      <symbol id="sm-1129">
         <name>__mspabi_sral</name>
         <value>0x17076</value>
         <object_component_ref idref="oc-d67"/>
      </symbol>
      <symbol id="sm-112a">
         <name>__mspabi_sral_15</name>
         <value>0x167ec</value>
         <object_component_ref idref="oc-d28"/>
      </symbol>
      <symbol id="sm-112b">
         <name>__mspabi_sral_14</name>
         <value>0x167f0</value>
         <object_component_ref idref="oc-d28"/>
      </symbol>
      <symbol id="sm-112c">
         <name>__mspabi_sral_13</name>
         <value>0x167f4</value>
         <object_component_ref idref="oc-d28"/>
      </symbol>
      <symbol id="sm-112d">
         <name>__mspabi_sral_12</name>
         <value>0x167f8</value>
         <object_component_ref idref="oc-d28"/>
      </symbol>
      <symbol id="sm-112e">
         <name>__mspabi_sral_11</name>
         <value>0x167fc</value>
         <object_component_ref idref="oc-d28"/>
      </symbol>
      <symbol id="sm-112f">
         <name>__mspabi_sral_10</name>
         <value>0x16800</value>
         <object_component_ref idref="oc-d28"/>
      </symbol>
      <symbol id="sm-1130">
         <name>__mspabi_sral_8</name>
         <value>0x16808</value>
         <object_component_ref idref="oc-d28"/>
      </symbol>
      <symbol id="sm-1131">
         <name>__mspabi_sral_9</name>
         <value>0x16804</value>
         <object_component_ref idref="oc-d28"/>
      </symbol>
      <symbol id="sm-1132">
         <name>__mspabi_sral_6</name>
         <value>0x16810</value>
         <object_component_ref idref="oc-d28"/>
      </symbol>
      <symbol id="sm-1133">
         <name>__mspabi_sral_7</name>
         <value>0x1680c</value>
         <object_component_ref idref="oc-d28"/>
      </symbol>
      <symbol id="sm-1134">
         <name>__mspabi_sral_4</name>
         <value>0x16818</value>
         <object_component_ref idref="oc-d28"/>
      </symbol>
      <symbol id="sm-1135">
         <name>__mspabi_sral_5</name>
         <value>0x16814</value>
         <object_component_ref idref="oc-d28"/>
      </symbol>
      <symbol id="sm-1136">
         <name>__mspabi_sral_2</name>
         <value>0x16820</value>
         <object_component_ref idref="oc-d28"/>
      </symbol>
      <symbol id="sm-1137">
         <name>__mspabi_sral_3</name>
         <value>0x1681c</value>
         <object_component_ref idref="oc-d28"/>
      </symbol>
      <symbol id="sm-1138">
         <name>__mspabi_sral_1</name>
         <value>0x16824</value>
         <object_component_ref idref="oc-d28"/>
      </symbol>
      <symbol id="sm-1145">
         <name>__mspabi_srlll</name>
         <value>0x16996</value>
         <object_component_ref idref="oc-c27"/>
      </symbol>
      <symbol id="sm-114e">
         <name>__mspabi_subd</name>
         <value>0x16b1c</value>
         <object_component_ref idref="oc-cc0"/>
      </symbol>
      <symbol id="sm-1170">
         <name>__mspabi_addd</name>
         <value>0x1101e</value>
         <object_component_ref idref="oc-d1f"/>
      </symbol>
      <symbol id="sm-1191">
         <name>__TI_frcaddd</name>
         <value>0x11ca2</value>
         <object_component_ref idref="oc-d4e"/>
      </symbol>
      <symbol id="sm-11a5">
         <name>__TI_renormd</name>
         <value>0x15164</value>
         <object_component_ref idref="oc-d6c"/>
      </symbol>
      <symbol id="sm-11af">
         <name>abs</name>
         <value>0x1711c</value>
         <object_component_ref idref="oc-ccd"/>
      </symbol>
      <symbol id="sm-11c2">
         <name>atoi</name>
         <value>0x161be</value>
         <object_component_ref idref="oc-b41"/>
      </symbol>
      <symbol id="sm-11cc">
         <name>_ctypes_</name>
         <value>0x497e</value>
         <object_component_ref idref="oc-b7c"/>
      </symbol>
      <symbol id="sm-11e3">
         <name>frexpl</name>
         <value>0x15562</value>
         <object_component_ref idref="oc-c63"/>
      </symbol>
      <symbol id="sm-11e4">
         <name>frexp</name>
         <value>0x15562</value>
         <object_component_ref idref="oc-c63"/>
      </symbol>
      <symbol id="sm-11fd">
         <name>scalbn</name>
         <value>0x13612</value>
         <object_component_ref idref="oc-cee"/>
      </symbol>
      <symbol id="sm-11fe">
         <name>scalbnl</name>
         <value>0x13612</value>
         <object_component_ref idref="oc-cee"/>
      </symbol>
      <symbol id="sm-11ff">
         <name>ldexpl</name>
         <value>0x13612</value>
         <object_component_ref idref="oc-cee"/>
      </symbol>
      <symbol id="sm-1200">
         <name>ldexp</name>
         <value>0x13612</value>
         <object_component_ref idref="oc-cee"/>
      </symbol>
      <symbol id="sm-1209">
         <name>copysign</name>
         <value>0x16c9e</value>
         <object_component_ref idref="oc-d3a"/>
      </symbol>
      <symbol id="sm-120a">
         <name>copysignl</name>
         <value>0x16c9e</value>
         <object_component_ref idref="oc-d3a"/>
      </symbol>
      <symbol id="sm-1211">
         <name>errno</name>
         <value>0x1dd8</value>
         <object_component_ref idref="oc-d37"/>
      </symbol>
      <symbol id="sm-1220">
         <name>ltoa</name>
         <value>0x15ce0</value>
         <object_component_ref idref="oc-cb4"/>
      </symbol>
      <symbol id="sm-122c">
         <name>__mspabi_remli</name>
         <value>0x1676c</value>
         <object_component_ref idref="oc-d11"/>
      </symbol>
      <symbol id="sm-122d">
         <name>__mspabi_divli</name>
         <value>0x1676c</value>
         <object_component_ref idref="oc-d11"/>
      </symbol>
      <symbol id="sm-123c">
         <name>memccpy</name>
         <value>0x16f16</value>
         <object_component_ref idref="oc-b55"/>
      </symbol>
      <symbol id="sm-124b">
         <name>strchr</name>
         <value>0x16f50</value>
         <object_component_ref idref="oc-cf4"/>
      </symbol>
      <symbol id="sm-1258">
         <name>strcpy</name>
         <value>0x17032</value>
         <object_component_ref idref="oc-c80"/>
      </symbol>
      <symbol id="sm-1265">
         <name>strlen</name>
         <value>0x170d0</value>
         <object_component_ref idref="oc-796"/>
      </symbol>
      <symbol id="sm-1272">
         <name>toupper</name>
         <value>0x17044</value>
         <object_component_ref idref="oc-b93"/>
      </symbol>
      <symbol id="sm-1277">
         <name>__TI_BINIT_Base</name>
         <value>0x0</value>
      </symbol>
      <symbol id="sm-1278">
         <name>__TI_BINIT_Limit</name>
         <value>0x0</value>
      </symbol>
      <symbol id="sm-1279">
         <name>__TI_INITARRAY_Base</name>
         <value>0x0</value>
      </symbol>
      <symbol id="sm-127a">
         <name>__TI_INITARRAY_Limit</name>
         <value>0x0</value>
      </symbol>
      <symbol id="sm-127b">
         <name>_SlDrvDispatchHttpServerEvents</name>
         <value>0x170fe</value>
      </symbol>
   </symbol_table>
   <title>Link successful</title>
</link_info>
